Archive member included to satisfy reference by file (symbol)

/opt/st/stm32cubeide_1.15.0/plugins/com.st.stm32cube.ide.mcu.externaltools.gnu-tools-for-stm32.12.3.rel1.linux64_1.0.100.202403111256/tools/bin/../lib/gcc/arm-none-eabi/12.3.1/../../../../arm-none-eabi/lib/thumb/v7-m/nofp/libc_nano.a(libc_a-exit.o)
                              /opt/st/stm32cubeide_1.15.0/plugins/com.st.stm32cube.ide.mcu.externaltools.gnu-tools-for-stm32.12.3.rel1.linux64_1.0.100.202403111256/tools/bin/../lib/gcc/arm-none-eabi/12.3.1/../../../../arm-none-eabi/lib/thumb/v7-m/nofp/crt0.o (exit)
/opt/st/stm32cubeide_1.15.0/plugins/com.st.stm32cube.ide.mcu.externaltools.gnu-tools-for-stm32.12.3.rel1.linux64_1.0.100.202403111256/tools/bin/../lib/gcc/arm-none-eabi/12.3.1/../../../../arm-none-eabi/lib/thumb/v7-m/nofp/libc_nano.a(libc_a-findfp.o)
                              /opt/st/stm32cubeide_1.15.0/plugins/com.st.stm32cube.ide.mcu.externaltools.gnu-tools-for-stm32.12.3.rel1.linux64_1.0.100.202403111256/tools/bin/../lib/gcc/arm-none-eabi/12.3.1/../../../../arm-none-eabi/lib/thumb/v7-m/nofp/libc_nano.a(libc_a-exit.o) (__stdio_exit_handler)
/opt/st/stm32cubeide_1.15.0/plugins/com.st.stm32cube.ide.mcu.externaltools.gnu-tools-for-stm32.12.3.rel1.linux64_1.0.100.202403111256/tools/bin/../lib/gcc/arm-none-eabi/12.3.1/../../../../arm-none-eabi/lib/thumb/v7-m/nofp/libc_nano.a(libc_a-fwalk.o)
                              /opt/st/stm32cubeide_1.15.0/plugins/com.st.stm32cube.ide.mcu.externaltools.gnu-tools-for-stm32.12.3.rel1.linux64_1.0.100.202403111256/tools/bin/../lib/gcc/arm-none-eabi/12.3.1/../../../../arm-none-eabi/lib/thumb/v7-m/nofp/libc_nano.a(libc_a-findfp.o) (_fwalk_sglue)
/opt/st/stm32cubeide_1.15.0/plugins/com.st.stm32cube.ide.mcu.externaltools.gnu-tools-for-stm32.12.3.rel1.linux64_1.0.100.202403111256/tools/bin/../lib/gcc/arm-none-eabi/12.3.1/../../../../arm-none-eabi/lib/thumb/v7-m/nofp/libc_nano.a(libc_a-sprintf.o)
                              ./Src/serial.o (sprintf)
/opt/st/stm32cubeide_1.15.0/plugins/com.st.stm32cube.ide.mcu.externaltools.gnu-tools-for-stm32.12.3.rel1.linux64_1.0.100.202403111256/tools/bin/../lib/gcc/arm-none-eabi/12.3.1/../../../../arm-none-eabi/lib/thumb/v7-m/nofp/libc_nano.a(libc_a-stdio.o)
                              /opt/st/stm32cubeide_1.15.0/plugins/com.st.stm32cube.ide.mcu.externaltools.gnu-tools-for-stm32.12.3.rel1.linux64_1.0.100.202403111256/tools/bin/../lib/gcc/arm-none-eabi/12.3.1/../../../../arm-none-eabi/lib/thumb/v7-m/nofp/libc_nano.a(libc_a-findfp.o) (__sread)
/opt/st/stm32cubeide_1.15.0/plugins/com.st.stm32cube.ide.mcu.externaltools.gnu-tools-for-stm32.12.3.rel1.linux64_1.0.100.202403111256/tools/bin/../lib/gcc/arm-none-eabi/12.3.1/../../../../arm-none-eabi/lib/thumb/v7-m/nofp/libc_nano.a(libc_a-memset.o)
                              /opt/st/stm32cubeide_1.15.0/plugins/com.st.stm32cube.ide.mcu.externaltools.gnu-tools-for-stm32.12.3.rel1.linux64_1.0.100.202403111256/tools/bin/../lib/gcc/arm-none-eabi/12.3.1/../../../../arm-none-eabi/lib/thumb/v7-m/nofp/crt0.o (memset)
/opt/st/stm32cubeide_1.15.0/plugins/com.st.stm32cube.ide.mcu.externaltools.gnu-tools-for-stm32.12.3.rel1.linux64_1.0.100.202403111256/tools/bin/../lib/gcc/arm-none-eabi/12.3.1/../../../../arm-none-eabi/lib/thumb/v7-m/nofp/libc_nano.a(libc_a-closer.o)
                              /opt/st/stm32cubeide_1.15.0/plugins/com.st.stm32cube.ide.mcu.externaltools.gnu-tools-for-stm32.12.3.rel1.linux64_1.0.100.202403111256/tools/bin/../lib/gcc/arm-none-eabi/12.3.1/../../../../arm-none-eabi/lib/thumb/v7-m/nofp/libc_nano.a(libc_a-stdio.o) (_close_r)
/opt/st/stm32cubeide_1.15.0/plugins/com.st.stm32cube.ide.mcu.externaltools.gnu-tools-for-stm32.12.3.rel1.linux64_1.0.100.202403111256/tools/bin/../lib/gcc/arm-none-eabi/12.3.1/../../../../arm-none-eabi/lib/thumb/v7-m/nofp/libc_nano.a(libc_a-reent.o)
                              /opt/st/stm32cubeide_1.15.0/plugins/com.st.stm32cube.ide.mcu.externaltools.gnu-tools-for-stm32.12.3.rel1.linux64_1.0.100.202403111256/tools/bin/../lib/gcc/arm-none-eabi/12.3.1/../../../../arm-none-eabi/lib/thumb/v7-m/nofp/libc_nano.a(libc_a-closer.o) (errno)
/opt/st/stm32cubeide_1.15.0/plugins/com.st.stm32cube.ide.mcu.externaltools.gnu-tools-for-stm32.12.3.rel1.linux64_1.0.100.202403111256/tools/bin/../lib/gcc/arm-none-eabi/12.3.1/../../../../arm-none-eabi/lib/thumb/v7-m/nofp/libc_nano.a(libc_a-impure.o)
                              /opt/st/stm32cubeide_1.15.0/plugins/com.st.stm32cube.ide.mcu.externaltools.gnu-tools-for-stm32.12.3.rel1.linux64_1.0.100.202403111256/tools/bin/../lib/gcc/arm-none-eabi/12.3.1/../../../../arm-none-eabi/lib/thumb/v7-m/nofp/libc_nano.a(libc_a-sprintf.o) (_impure_ptr)
/opt/st/stm32cubeide_1.15.0/plugins/com.st.stm32cube.ide.mcu.externaltools.gnu-tools-for-stm32.12.3.rel1.linux64_1.0.100.202403111256/tools/bin/../lib/gcc/arm-none-eabi/12.3.1/../../../../arm-none-eabi/lib/thumb/v7-m/nofp/libc_nano.a(libc_a-lseekr.o)
[...]
Memory Configuration

Name             Origin             Length             Attributes
RAM              0x20000000         0x00005000         xrw
FLASH            0x08000000         0x00010000         xr
*default*        0x00000000         0xffffffff

Linker script and memory map

LOAD /opt/st/stm32cubeide_1.15.0/plugins/com.st.stm32cube.ide.mcu.externaltools.gnu-tools-for-stm32.12.3.rel1.linux64_1.0.100.202403111256/tools/bin/../lib/gcc/arm-none-eabi/12.3.1/thumb/v7-m/nofp/crti.o
LOAD /opt/st/stm32cubeide_1.15.0/plugins/com.st.stm32cube.ide.mcu.externaltools.gnu-tools-for-stm32.12.3.rel1.linux64_1.0.100.202403111256/tools/bin/../lib/gcc/arm-none-eabi/12.3.1/thumb/v7-m/nofp/crtbegin.o
LOAD /opt/st/stm32cubeide_1.15.0/plugins/com.st.stm32cube.ide.mcu.externaltools.gnu-tools-for-stm32.12.3.rel1.linux64_1.0.100.202403111256/tools/bin/../lib/gcc/arm-none-eabi/12.3.1/../../../../arm-none-eabi/lib/thumb/v7-m/nofp/crt0.o
LOAD ./Drivers/STM32F1xx_HAL_Driver/Src/stm32f1xx_hal.o
LOAD ./Drivers/STM32F1xx_HAL_Driver/Src/stm32f1xx_hal_cortex.o
LOAD ./Drivers/STM32F1xx_HAL_Driver/Src/stm32f1xx_hal_dma.o
LOAD ./Drivers/STM32F1xx_HAL_Driver/Src/stm32f1xx_hal_flash.o
LOAD ./Drivers/STM32F1xx_HAL_Driver/Src/stm32f1xx_hal_flash_ex.o
LOAD ./Drivers/STM32F1xx_HAL_Driver/Src/stm32f1xx_hal_gpio.o
LOAD ./Drivers/STM32F1xx_HAL_Driver/Src/stm32f1xx_hal_gpio_ex.o
LOAD ./Drivers/STM32F1xx_HAL_Driver/Src/stm32f1xx_hal_i2c.o
LOAD ./Drivers/STM32F1xx_HAL_Driver/Src/stm32f1xx_hal_pwr.o
LOAD ./Drivers/STM32F1xx_HAL_Driver/Src/stm32f1xx_hal_rcc.o
LOAD ./Drivers/STM32F1xx_HAL_Driver/Src/stm32f1xx_hal_rcc_ex.o
LOAD ./Drivers/STM32F1xx_HAL_Driver/Src/stm32f1xx_hal_tim.o
LOAD ./Drivers/STM32F1xx_HAL_Driver/Src/stm32f1xx_hal_tim_ex.o
LOAD ./Drivers/STM32F1xx_HAL_Driver/Src/stm32f1xx_hal_uart.o
LOAD ./Src/MPU9250.o
LOAD ./Src/MS5611.o
LOAD ./Src/MadgwickAHRS.o
LOAD ./Src/afl_call.o
LOAD ./Src/circular_buffer.o
LOAD ./Src/common.o
LOAD ./Src/devices.o
LOAD ./Src/i2c.o
LOAD ./Src/joystick.o
LOAD ./Src/main.o
LOAD ./Src/motor.o
LOAD ./Src/msp.o
LOAD ./Src/peripherals.o
LOAD ./Src/pid.o
LOAD ./Src/serial.o
LOAD ./Src/stm32f1xx_hal_msp.o
LOAD ./Src/stm32f1xx_it.o
LOAD ./Src/system_stm32f1xx.o
LOAD ./Src/telemetry.o
LOAD ./Src/timing.o
LOAD ./startup/startup_stm32f103xb.o
START GROUP
LOAD /opt/st/stm32cubeide_1.15.0/plugins/com.st.stm32cube.ide.mcu.externaltools.gnu-tools-for-stm32.12.3.rel1.linux64_1.0.100.202403111256/tools/bin/../lib/gcc/arm-none-eabi/12.3.1/../../../../arm-none-eabi/lib/thumb/v7-m/nofp/libc_nano.a
LOAD /opt/st/stm32cubeide_1.15.0/plugins/com.st.stm32cube.ide.mcu.externaltools.gnu-tools-for-stm32.12.3.rel1.linux64_1.0.100.202403111256/tools/bin/../lib/gcc/arm-none-eabi/12.3.1/../../../../arm-none-eabi/lib/thumb/v7-m/nofp/libm.a
END GROUP
START GROUP
LOAD /opt/st/stm32cubeide_1.15.0/plugins/com.st.stm32cube.ide.mcu.externaltools.gnu-tools-for-stm32.12.3.rel1.linux64_1.0.100.202403111256/tools/bin/../lib/gcc/arm-none-eabi/12.3.1/thumb/v7-m/nofp/libgcc.a
LOAD /opt/st/stm32cubeide_1.15.0/plugins/com.st.stm32cube.ide.mcu.externaltools.gnu-tools-for-stm32.12.3.rel1.linux64_1.0.100.202403111256/tools/bin/../lib/gcc/arm-none-eabi/12.3.1/../../../../arm-none-eabi/lib/thumb/v7-m/nofp/libc_nano.a
END GROUP
START GROUP
LOAD /opt/st/stm32cubeide_1.15.0/plugins/com.st.stm32cube.ide.mcu.externaltools.gnu-tools-for-stm32.12.3.rel1.linux64_1.0.100.202403111256/tools/bin/../lib/gcc/arm-none-eabi/12.3.1/thumb/v7-m/nofp/libgcc.a
LOAD /opt/st/stm32cubeide_1.15.0/plugins/com.st.stm32cube.ide.mcu.externaltools.gnu-tools-for-stm32.12.3.rel1.linux64_1.0.100.202403111256/tools/bin/../lib/gcc/arm-none-eabi/12.3.1/../../../../arm-none-eabi/lib/thumb/v7-m/nofp/libc_nano.a
LOAD /opt/st/stm32cubeide_1.15.0/plugins/com.st.stm32cube.ide.mcu.externaltools.gnu-tools-for-stm32.12.3.rel1.linux64_1.0.100.202403111256/tools/bin/../lib/gcc/arm-none-eabi/12.3.1/../../../../arm-none-eabi/lib/thumb/v7-m/nofp/libnosys.a
END GROUP
START GROUP
LOAD /opt/st/stm32cubeide_1.15.0/plugins/com.st.stm32cube.ide.mcu.externaltools.gnu-tools-for-stm32.12.3.rel1.linux64_1.0.100.202403111256/tools/bin/../lib/gcc/arm-none-eabi/12.3.1/thumb/v7-m/nofp/libgcc.a
LOAD /opt/st/stm32cubeide_1.15.0/plugins/com.st.stm32cube.ide.mcu.externaltools.gnu-tools-for-stm32.12.3.rel1.linux64_1.0.100.202403111256/tools/bin/../lib/gcc/arm-none-eabi/12.3.1/../../../../arm-none-eabi/lib/thumb/v7-m/nofp/libc_nano.a
LOAD /opt/st/stm32cubeide_1.15.0/plugins/com.st.stm32cube.ide.mcu.externaltools.gnu-tools-for-stm32.12.3.rel1.linux64_1.0.100.202403111256/tools/bin/../lib/gcc/arm-none-eabi/12.3.1/../../../../arm-none-eabi/lib/thumb/v7-m/nofp/libnosys.a
END GROUP
LOAD /opt/st/stm32cubeide_1.15.0/plugins/com.st.stm32cube.ide.mcu.externaltools.gnu-tools-for-stm32.12.3.rel1.linux64_1.0.100.202403111256/tools/bin/../lib/gcc/arm-none-eabi/12.3.1/thumb/v7-m/nofp/crtend.o
LOAD /opt/st/stm32cubeide_1.15.0/plugins/com.st.stm32cube.ide.mcu.externaltools.gnu-tools-for-stm32.12.3.rel1.linux64_1.0.100.202403111256/tools/bin/../lib/gcc/arm-none-eabi/12.3.1/thumb/v7-m/nofp/crtn.o
                0x20005000                        _estack = 0x20005000
                0x00000200                        _Min_Heap_Size = 0x200
                0x00000400                        _Min_Stack_Size = 0x400

.isr_vector     0x08000000      0x10c
                0x08000000                        . = ALIGN (0x4)
 *(.isr_vector)
 .isr_vector    0x08000000      0x10c ./startup/startup_stm32f103xb.o
                0x08000000                g_pfnVectors
                0x0800010c                        . = ALIGN (0x4)

.text           0x08000110     0x75d4
                0x08000110                        . = ALIGN (0x4)
 *(.text)
 .text          0x08000110       0x40 /opt/st/stm32cubeide_1.15.0/plugins/com.st.stm32cube.ide.mcu.externaltools.gnu-tools-for-stm32.12.3.rel1.linux64_1.0.100.202403111256/tools/bin/../lib/gcc/arm-none-eabi/12.3.1/thumb/v7-m/nofp/crtbegin.o
 .text          0x08000150       0x10 /opt/st/stm32cubeide_1.15.0/plugins/com.st.stm32cube.ide.mcu.externaltools.gnu-tools-for-stm32.12.3.rel1.linux64_1.0.100.202403111256/tools/bin/../lib/gcc/arm-none-eabi/12.3.1/../../../../arm-none-eabi/lib/thumb/v7-m/nofp/libc_nano.a(libc_a-strlen.o)
                0x08000150                strlen
 .text          0x08000160      0x378 /opt/st/stm32cubeide_1.15.0/plugins/com.st.stm32cube.ide.mcu.externaltools.gnu-tools-for-stm32.12.3.rel1.linux64_1.0.100.202403111256/tools/bin/../lib/gcc/arm-none-eabi/12.3.1/thumb/v7-m/nofp/libgcc.a(_arm_addsubdf3.o)
                0x08000160                __aeabi_drsub
                0x08000168                __aeabi_dsub
                0x08000168                __subdf3
                0x0800016c                __adddf3
                0x0800016c                __aeabi_dadd
                0x080003e4                __aeabi_ui2d
                0x080003e4                __floatunsidf
                0x08000404                __floatsidf
                0x08000404                __aeabi_i2d
                0x08000428                __extendsfdf2
                0x08000428                __aeabi_f2d
                0x0800046c                __aeabi_ul2d
                0x0800046c                __floatundidf
                0x0800047c                __floatdidf
                0x0800047c                __aeabi_l2d
 .text          0x080004d8      0x424 /opt/st/stm32cubeide_1.15.0/plugins/com.st.stm32cube.ide.mcu.externaltools.gnu-tools-for-stm32.12.3.rel1.linux64_1.0.100.202403111256/tools/bin/../lib/gcc/arm-none-eabi/12.3.1/thumb/v7-m/nofp/libgcc.a(_arm_muldivdf3.o)
                0x080004d8                __aeabi_dmul
                0x080004d8                __muldf3
                0x0800072c                __aeabi_ddiv
                0x0800072c                __divdf3
 .text          0x080008fc      0x110 /opt/st/stm32cubeide_1.15.0/plugins/com.st.stm32cube.ide.mcu.externaltools.gnu-tools-for-stm32.12.3.rel1.linux64_1.0.100.202403111256/tools/bin/../lib/gcc/arm-none-eabi/12.3.1/thumb/v7-m/nofp/libgcc.a(_arm_cmpdf2.o)
                0x080008fc                __gtdf2
                0x080008fc                __gedf2
                0x08000904                __ltdf2
                0x08000904                __ledf2
                0x0800090c                __cmpdf2
                0x0800090c                __eqdf2
                0x0800090c                __nedf2
                0x08000988                __aeabi_cdrcmple
                0x08000998                __aeabi_cdcmple
                0x08000998                __aeabi_cdcmpeq
                0x080009a8                __aeabi_dcmpeq
                0x080009bc                __aeabi_dcmplt
                0x080009d0                __aeabi_dcmple
                0x080009e4                __aeabi_dcmpge
                0x080009f8                __aeabi_dcmpgt
 .text          0x08000a0c       0x2c /opt/st/stm32cubeide_1.15.0/plugins/com.st.stm32cube.ide.mcu.externaltools.gnu-tools-for-stm32.12.3.rel1.linux64_1.0.100.202403111256/tools/bin/../lib/gcc/arm-none-eabi/12.3.1/thumb/v7-m/nofp/libgcc.a(_arm_unorddf2.o)
                0x08000a0c                __aeabi_dcmpun
                0x08000a0c                __unorddf2
 .text          0x08000a38       0xa0 /opt/st/stm32cubeide_1.15.0/plugins/com.st.stm32cube.ide.mcu.externaltools.gnu-tools-for-stm32.12.3.rel1.linux64_1.0.100.202403111256/tools/bin/../lib/gcc/arm-none-eabi/12.3.1/thumb/v7-m/nofp/libgcc.a(_arm_truncdfsf2.o)
                0x08000a38                __aeabi_d2f
                0x08000a38                __truncdfsf2
 .text          0x08000ad8      0x21c /opt/st/stm32cubeide_1.15.0/plugins/com.st.stm32cube.ide.mcu.externaltools.gnu-tools-for-stm32.12.3.rel1.linux64_1.0.100.202403111256/tools/bin/../lib/gcc/arm-none-eabi/12.3.1/thumb/v7-m/nofp/libgcc.a(_arm_addsubsf3.o)
                0x08000ad8                __aeabi_frsub
                0x08000ae0                __subsf3
                0x08000ae0                __aeabi_fsub
                0x08000ae4                __aeabi_fadd
                0x08000ae4                __addsf3
                0x08000c44                __aeabi_ui2f
                0x08000c44                __floatunsisf
                0x08000c4c                __aeabi_i2f
                0x08000c4c                __floatsisf
                0x08000c68                __floatundisf
                0x08000c68                __aeabi_ul2f
                0x08000c78                __floatdisf
                0x08000c78                __aeabi_l2f
 .text          0x08000cf4      0x2a0 /opt/st/stm32cubeide_1.15.0/plugins/com.st.stm32cube.ide.mcu.externaltools.gnu-tools-for-stm32.12.3.rel1.linux64_1.0.100.202403111256/tools/bin/../lib/gcc/arm-none-eabi/12.3.1/thumb/v7-m/nofp/libgcc.a(_arm_muldivsf3.o)
                0x08000cf4                __mulsf3
                0x08000cf4                __aeabi_fmul
                0x08000e5c                __divsf3
                0x08000e5c                __aeabi_fdiv
 .text          0x08000f94       0xec /opt/st/stm32cubeide_1.15.0/plugins/com.st.stm32cube.ide.mcu.externaltools.gnu-tools-for-stm32.12.3.rel1.linux64_1.0.100.202403111256/tools/bin/../lib/gcc/arm-none-eabi/12.3.1/thumb/v7-m/nofp/libgcc.a(_arm_cmpsf2.o)
                0x08000f94                __gtsf2
                0x08000f94                __gesf2
                0x08000f9c                __lesf2
                0x08000f9c                __ltsf2
                0x08000fa4                __nesf2
                0x08000fa4                __eqsf2
                0x08000fa4                __cmpsf2
                0x08001004                __aeabi_cfrcmple
                0x0800100c                __aeabi_cfcmple
                0x0800100c                __aeabi_cfcmpeq
                0x0800101c                __aeabi_fcmpeq
                0x08001030                __aeabi_fcmplt
                0x08001044                __aeabi_fcmple
                0x08001058                __aeabi_fcmpge
                0x0800106c                __aeabi_fcmpgt
 .text          0x08001080       0x4c /opt/st/stm32cubeide_1.15.0/plugins/com.st.stm32cube.ide.mcu.externaltools.gnu-tools-for-stm32.12.3.rel1.linux64_1.0.100.202403111256/tools/bin/../lib/gcc/arm-none-eabi/12.3.1/thumb/v7-m/nofp/libgcc.a(_arm_fixsfsi.o)
                0x08001080                __fixsfsi
                0x08001080                __aeabi_f2iz
 .text          0x080010cc       0x40 /opt/st/stm32cubeide_1.15.0/plugins/com.st.stm32cube.ide.mcu.externaltools.gnu-tools-for-stm32.12.3.rel1.linux64_1.0.100.202403111256/tools/bin/../lib/gcc/arm-none-eabi/12.3.1/thumb/v7-m/nofp/libgcc.a(_arm_fixunssfsi.o)
                0x080010cc                __aeabi_f2uiz
                0x080010cc                __fixunssfsi
 *(.text*)
 .text.HAL_InitTick
                0x0800110c       0x28 ./Drivers/STM32F1xx_HAL_Driver/Src/stm32f1xx_hal.o
                0x0800110c                HAL_InitTick
 .text.HAL_Init
                0x08001134       0x24 ./Drivers/STM32F1xx_HAL_Driver/Src/stm32f1xx_hal.o
                0x08001134                HAL_Init
 .text.HAL_IncTick
                0x08001158       0x10 ./Drivers/STM32F1xx_HAL_Driver/Src/stm32f1xx_hal.o
                0x08001158                HAL_IncTick
 .text.HAL_GetTick
                0x08001168        0xc ./Drivers/STM32F1xx_HAL_Driver/Src/stm32f1xx_hal.o
                0x08001168                HAL_GetTick
 .text.HAL_Delay
                0x08001174        0x8 ./Drivers/STM32F1xx_HAL_Driver/Src/stm32f1xx_hal.o
                0x08001174                HAL_Delay
 .text.HAL_NVIC_SetPriorityGrouping
                0x0800117c       0x24 ./Drivers/STM32F1xx_HAL_Driver/Src/stm32f1xx_hal_cortex.o
                0x0800117c                HAL_NVIC_SetPriorityGrouping
 .text.HAL_NVIC_SetPriority
                0x080011a0       0x6c ./Drivers/STM32F1xx_HAL_Driver/Src/stm32f1xx_hal_cortex.o
                0x080011a0                HAL_NVIC_SetPriority
 .text.HAL_NVIC_EnableIRQ
                0x0800120c       0x18 ./Drivers/STM32F1xx_HAL_Driver/Src/stm32f1xx_hal_cortex.o
                0x0800120c                HAL_NVIC_EnableIRQ
 .text.HAL_SYSTICK_Config
                0x08001224       0x28 ./Drivers/STM32F1xx_HAL_Driver/Src/stm32f1xx_hal_cortex.o
                0x08001224                HAL_SYSTICK_Config
 .text.HAL_SYSTICK_CLKSourceConfig
                0x0800124c       0x16 ./Drivers/STM32F1xx_HAL_Driver/Src/stm32f1xx_hal_cortex.o
                0x0800124c                HAL_SYSTICK_CLKSourceConfig
 .text.HAL_SYSTICK_Callback
                0x08001262        0x2 ./Drivers/STM32F1xx_HAL_Driver/Src/stm32f1xx_hal_cortex.o
                0x08001262                HAL_SYSTICK_Callback
 .text.HAL_SYSTICK_IRQHandler
                0x08001264        0x8 ./Drivers/STM32F1xx_HAL_Driver/Src/stm32f1xx_hal_cortex.o
                0x08001264                HAL_SYSTICK_IRQHandler
 .text.HAL_GPIO_Init
                0x0800126c      0x264 ./Drivers/STM32F1xx_HAL_Driver/Src/stm32f1xx_hal_gpio.o
                0x0800126c                HAL_GPIO_Init
 .text.HAL_GPIO_WritePin
                0x080014d0        0xc ./Drivers/STM32F1xx_HAL_Driver/Src/stm32f1xx_hal_gpio.o
                0x080014d0                HAL_GPIO_WritePin
 .text.HAL_GPIO_TogglePin
                0x080014dc        0x8 ./Drivers/STM32F1xx_HAL_Driver/Src/stm32f1xx_hal_gpio.o
                0x080014dc                HAL_GPIO_TogglePin
 .text.I2C_IsAcknowledgeFailed
                0x080014e4       0x2a ./Drivers/STM32F1xx_HAL_Driver/Src/stm32f1xx_hal_i2c.o
 .text.I2C_WaitOnMasterAddressFlagUntilTimeout
                0x0800150e       0x92 ./Drivers/STM32F1xx_HAL_Driver/Src/stm32f1xx_hal_i2c.o
 .text.I2C_WaitOnTXEFlagUntilTimeout
                0x080015a0       0x50 ./Drivers/STM32F1xx_HAL_Driver/Src/stm32f1xx_hal_i2c.o
 .text.I2C_RequestMemoryWrite
                0x080015f0       0xe8 ./Drivers/STM32F1xx_HAL_Driver/Src/stm32f1xx_hal_i2c.o
 .text.I2C_RequestMemoryRead
                0x080016d8      0x170 ./Drivers/STM32F1xx_HAL_Driver/Src/stm32f1xx_hal_i2c.o
 .text.I2C_WaitOnRXNEFlagUntilTimeout
                0x08001848       0x60 ./Drivers/STM32F1xx_HAL_Driver/Src/stm32f1xx_hal_i2c.o
 .text.HAL_I2C_Init
                0x080018a8       0xf0 ./Drivers/STM32F1xx_HAL_Driver/Src/stm32f1xx_hal_i2c.o
                0x080018a8                HAL_I2C_Init
 .text.HAL_I2C_Mem_Write
                0x08001998      0x14a ./Drivers/STM32F1xx_HAL_Driver/Src/stm32f1xx_hal_i2c.o
                0x08001998                HAL_I2C_Mem_Write
 .text.HAL_I2C_Mem_Read
                0x08001ae2      0x29c ./Drivers/STM32F1xx_HAL_Driver/Src/stm32f1xx_hal_i2c.o
                0x08001ae2                HAL_I2C_Mem_Read
 *fill*         0x08001d7e        0x2 
 .text.HAL_RCC_OscConfig
                0x08001d80      0x540 ./Drivers/STM32F1xx_HAL_Driver/Src/stm32f1xx_hal_rcc.o
                0x08001d80                HAL_RCC_OscConfig
 .text.HAL_RCC_GetSysClockFreq
                0x080022c0       0x8c ./Drivers/STM32F1xx_HAL_Driver/Src/stm32f1xx_hal_rcc.o
                0x080022c0                HAL_RCC_GetSysClockFreq
 .text.HAL_RCC_ClockConfig
                0x0800234c      0x1b4 ./Drivers/STM32F1xx_HAL_Driver/Src/stm32f1xx_hal_rcc.o
                0x0800234c                HAL_RCC_ClockConfig
 .text.HAL_RCC_GetHCLKFreq
                0x08002500        0xc ./Drivers/STM32F1xx_HAL_Driver/Src/stm32f1xx_hal_rcc.o
                0x08002500                HAL_RCC_GetHCLKFreq
 .text.HAL_RCC_GetPCLK1Freq
                0x0800250c       0x30 ./Drivers/STM32F1xx_HAL_Driver/Src/stm32f1xx_hal_rcc.o
                0x0800250c                HAL_RCC_GetPCLK1Freq
 .text.HAL_RCC_GetPCLK2Freq
                0x0800253c       0x30 ./Drivers/STM32F1xx_HAL_Driver/Src/stm32f1xx_hal_rcc.o
                0x0800253c                HAL_RCC_GetPCLK2Freq
 .text.TIM_OC1_SetConfig
                0x0800256c       0x54 ./Drivers/STM32F1xx_HAL_Driver/Src/stm32f1xx_hal_tim.o
 .text.TIM_OC3_SetConfig
                0x080025c0       0x58 ./Drivers/STM32F1xx_HAL_Driver/Src/stm32f1xx_hal_tim.o
 .text.TIM_OC4_SetConfig
                0x08002618       0x48 ./Drivers/STM32F1xx_HAL_Driver/Src/stm32f1xx_hal_tim.o
 .text.TIM_Base_SetConfig
                0x08002660       0x84 ./Drivers/STM32F1xx_HAL_Driver/Src/stm32f1xx_hal_tim.o
                0x08002660                TIM_Base_SetConfig
 .text.HAL_TIM_PWM_Init
                0x080026e4       0x34 ./Drivers/STM32F1xx_HAL_Driver/Src/stm32f1xx_hal_tim.o
                0x080026e4                HAL_TIM_PWM_Init
 .text.TIM_OC2_SetConfig
                0x08002718       0x5c ./Drivers/STM32F1xx_HAL_Driver/Src/stm32f1xx_hal_tim.o
                0x08002718                TIM_OC2_SetConfig
 .text.HAL_TIM_PWM_ConfigChannel
                0x08002774       0xdc ./Drivers/STM32F1xx_HAL_Driver/Src/stm32f1xx_hal_tim.o
                0x08002774                HAL_TIM_PWM_ConfigChannel
 .text.TIM_CCxChannelCmd
                0x08002850       0x1a ./Drivers/STM32F1xx_HAL_Driver/Src/stm32f1xx_hal_tim.o
                0x08002850                TIM_CCxChannelCmd
 *fill*         0x0800286a        0x2 
 .text.HAL_TIM_PWM_Start
                0x0800286c       0x34 ./Drivers/STM32F1xx_HAL_Driver/Src/stm32f1xx_hal_tim.o
                0x0800286c                HAL_TIM_PWM_Start
 .text.HAL_TIMEx_ConfigBreakDeadTime
                0x080028a0       0x4a ./Drivers/STM32F1xx_HAL_Driver/Src/stm32f1xx_hal_tim_ex.o
                0x080028a0                HAL_TIMEx_ConfigBreakDeadTime
 .text.HAL_TIMEx_MasterConfigSynchronization
                0x080028ea       0x52 ./Drivers/STM32F1xx_HAL_Driver/Src/stm32f1xx_hal_tim_ex.o
                0x080028ea                HAL_TIMEx_MasterConfigSynchronization
 .text.UART_SetConfig
                0x0800293c      0x1a8 ./Drivers/STM32F1xx_HAL_Driver/Src/stm32f1xx_hal_uart.o
 .text.HAL_UART_Init
                0x08002ae4       0x5a ./Drivers/STM32F1xx_HAL_Driver/Src/stm32f1xx_hal_uart.o
                0x08002ae4                HAL_UART_Init
 .text.HAL_UART_Transmit
                0x08002b3e      0x1b2 ./Drivers/STM32F1xx_HAL_Driver/Src/stm32f1xx_hal_uart.o
                0x08002b3e                HAL_UART_Transmit
 .text.HAL_UART_Receive_IT
                0x08002cf0       0x78 ./Drivers/STM32F1xx_HAL_Driver/Src/stm32f1xx_hal_uart.o
                0x08002cf0                HAL_UART_Receive_IT
 .text.HAL_UART_TxCpltCallback
                0x08002d68        0x2 ./Drivers/STM32F1xx_HAL_Driver/Src/stm32f1xx_hal_uart.o
                0x08002d68                HAL_UART_TxCpltCallback
 .text.UART_Receive_IT
                0x08002d6a       0xb4 ./Drivers/STM32F1xx_HAL_Driver/Src/stm32f1xx_hal_uart.o
 .text.HAL_UART_ErrorCallback
                0x08002e1e        0x2 ./Drivers/STM32F1xx_HAL_Driver/Src/stm32f1xx_hal_uart.o
                0x08002e1e                HAL_UART_ErrorCallback
 .text.HAL_UART_IRQHandler
                0x08002e20      0x18e ./Drivers/STM32F1xx_HAL_Driver/Src/stm32f1xx_hal_uart.o
                0x08002e20                HAL_UART_IRQHandler
 *fill*         0x08002fae        0x2 
 .text.MPU9250_Init
                0x08002fb0       0x74 ./Src/MPU9250.o
                0x08002fb0                MPU9250_Init
 .text.MPU9250_ReadAccelData
                0x08003024       0xb4 ./Src/MPU9250.o
                0x08003024                MPU9250_ReadAccelData
 .text.MPU9250_ReadGyroData
                0x080030d8       0xc8 ./Src/MPU9250.o
                0x080030d8                MPU9250_ReadGyroData
 .text.AK8963_Init
                0x080031a0       0xdc ./Src/MPU9250.o
                0x080031a0                AK8963_Init
 .text.AK8963_ReadData
                0x0800327c      0x12c ./Src/MPU9250.o
                0x0800327c                AK8963_ReadData
 .text.IMU_Init
                0x080033a8       0x1c ./Src/MPU9250.o
                0x080033a8                IMU_Init
 .text.AHRS_GetPitch
                0x080033c4       0x18 ./Src/MPU9250.o
                0x080033c4                AHRS_GetPitch
 .text.AHRS_GetRoll
                0x080033dc       0x18 ./Src/MPU9250.o
                0x080033dc                AHRS_GetRoll
 .text.AHRS_GetYaw
                0x080033f4       0x40 ./Src/MPU9250.o
                0x080033f4                AHRS_GetYaw
 .text.AHRS_ComputeAngles
                0x08003434      0x120 ./Src/MPU9250.o
                0x08003434                AHRS_ComputeAngles
 .text.MS5611_ReadADC
                0x08003554       0x38 ./Src/MS5611.o
 .text.MS5611_GetFilteredAltitude
                0x0800358c        0xc ./Src/MS5611.o
                0x0800358c                MS5611_GetFilteredAltitude
 .text.MS5611_Update
                0x08003598      0x230 ./Src/MS5611.o
                0x08003598                MS5611_Update
 .text.MS5611_Init
                0x080037c8       0x80 ./Src/MS5611.o
                0x080037c8                MS5611_Init
 .text.MadgwickSetBeta
                0x08003848        0xc ./Src/MadgwickAHRS.o
                0x08003848                MadgwickSetBeta
 .text.MadgwickSetDelta
                0x08003854        0xc ./Src/MadgwickAHRS.o
                0x08003854                MadgwickSetDelta
 .text.MadgwickQuaternionUpdate
                0x08003860      0xb4c ./Src/MadgwickAHRS.o
                0x08003860                MadgwickQuaternionUpdate
 .text.aflCall  0x080043ac        0x4 ./Src/afl_call.o
                0x080043ac                aflCall
 .text.startForkserver
                0x080043b0       0x1c ./Src/afl_call.o
                0x080043b0                startForkserver
 .text.CB_Write
                0x080043cc       0x38 ./Src/circular_buffer.o
                0x080043cc                CB_Write
 .text.CB_Init  0x08004404       0x1c ./Src/circular_buffer.o
                0x08004404                CB_Init
 .text.lowPassFilter
                0x08004420       0x2c ./Src/common.o
                0x08004420                lowPassFilter
 .text.toggleLED
                0x0800444c       0x40 ./Src/devices.o
                0x0800444c                toggleLED
 .text.LED_StartupSequence
                0x0800448c       0x4a ./Src/devices.o
                0x0800448c                LED_StartupSequence
 *fill*         0x080044d6        0x2 
 .text.Motor1_SetPWM
                0x080044d8        0xc ./Src/devices.o
                0x080044d8                Motor1_SetPWM
 .text.Motor2_SetPWM
                0x080044e4        0xc ./Src/devices.o
                0x080044e4                Motor2_SetPWM
 .text.Motor3_SetPWM
                0x080044f0        0xc ./Src/devices.o
                0x080044f0                Motor3_SetPWM
 .text.Motor4_SetPWM
                0x080044fc        0xc ./Src/devices.o
                0x080044fc                Motor4_SetPWM
 .text.PWM_Init
                0x08004508       0x34 ./Src/devices.o
                0x08004508                PWM_Init
 .text.Devices_Init
                0x0800453c       0x10 ./Src/devices.o
                0x0800453c                Devices_Init
 .text.I2C_WriteByte
                0x0800454c       0x44 ./Src/i2c.o
                0x0800454c                I2C_WriteByte
 .text.I2C_ReadByte
                0x08004590       0x3c ./Src/i2c.o
                0x08004590                I2C_ReadByte
 .text.I2C_ReadBytes
                0x080045cc       0x2c ./Src/i2c.o
                0x080045cc                I2C_ReadBytes
 .text.I2C_ReadByteArray
                0x080045f8       0x3c ./Src/i2c.o
                0x080045f8                I2C_ReadByteArray
 .text.taskScheduler
                0x08004634       0x80 ./Src/main.o
                0x08004634                taskScheduler
 .text.setup    0x080046b4       0x18 ./Src/main.o
                0x080046b4                setup
 .text.main     0x080046cc       0x16 ./Src/main.o
                0x080046cc                main
 .text.Motor_StopAll
                0x080046e2       0x1c ./Src/motor.o
                0x080046e2                Motor_StopAll
 *fill*         0x080046fe        0x2 
 .text.Motor_SetSpeed
                0x08004700       0x88 ./Src/motor.o
                0x08004700                Motor_SetSpeed
 .text.Motor_DistributeSpeed
                0x08004788       0x94 ./Src/motor.o
                0x08004788                Motor_DistributeSpeed
 .text.MSP_SendFrame
                0x0800481c       0x40 ./Src/msp.o
 .text.MSP_SendIdent
                0x0800485c       0x40 ./Src/msp.o
                0x0800485c                MSP_SendIdent
 .text.MSP_SendStatus
                0x0800489c       0x38 ./Src/msp.o
                0x0800489c                MSP_SendStatus
 .text.MSP_SendRawIMU
                0x080048d4       0x28 ./Src/msp.o
                0x080048d4                MSP_SendRawIMU
 .text.MSP_SendMotor
                0x080048fc       0x24 ./Src/msp.o
                0x080048fc                MSP_SendMotor
 .text.MSP_SendAttitude
                0x08004920       0x24 ./Src/msp.o
                0x08004920                MSP_SendAttitude
 .text.MSP_SendAltitude
                0x08004944       0x24 ./Src/msp.o
                0x08004944                MSP_SendAltitude
 .text.MSP_SendPID
                0x08004968       0x2c ./Src/msp.o
                0x08004968                MSP_SendPID
 .text._Error_Handler
                0x08004994       0x84 ./Src/peripherals.o
                0x08004994                _Error_Handler
 .text.SystemClock_Config
                0x08004a18       0x80 ./Src/peripherals.o
                0x08004a18                SystemClock_Config
 .text.Peripherals_Init
                0x08004a98      0x34c ./Src/peripherals.o
                0x08004a98                Peripherals_Init
 .text.PID_Compute
                0x08004de4      0x134 ./Src/pid.o
 .text.PID_Init
                0x08004f18       0xc8 ./Src/pid.o
                0x08004f18                PID_Init
 .text.PID_UpdateAltitude
                0x08004fe0       0x64 ./Src/pid.o
                0x08004fe0                PID_UpdateAltitude
 .text.PID_Update
                0x08005044      0x1b8 ./Src/pid.o
                0x08005044                PID_Update
 .text.serialWrite
                0x080051fc       0x1c ./Src/serial.o
                0x080051fc                serialWrite
 .text.HAL_UART_RxCpltCallback
                0x08005218       0x34 ./Src/serial.o
                0x08005218                HAL_UART_RxCpltCallback
 .text.serialFlush
                0x0800524c       0x10 ./Src/serial.o
                0x0800524c                serialFlush
 .text.serialBegin
                0x0800525c       0x1c ./Src/serial.o
                0x0800525c                serialBegin
 .text.serialPrint
                0x08005278       0x22 ./Src/serial.o
                0x08005278                serialPrint
 *fill*         0x0800529a        0x2 
 .text.serialInt
                0x0800529c       0x20 ./Src/serial.o
                0x0800529c                serialInt
 .text.HAL_MspInit
                0x080052bc       0x7c ./Src/stm32f1xx_hal_msp.o
                0x080052bc                HAL_MspInit
 .text.HAL_I2C_MspInit
                0x08005338       0x48 ./Src/stm32f1xx_hal_msp.o
                0x08005338                HAL_I2C_MspInit
 .text.HAL_TIM_PWM_MspInit
                0x08005380       0x88 ./Src/stm32f1xx_hal_msp.o
                0x08005380                HAL_TIM_PWM_MspInit
 .text.HAL_TIM_MspPostInit
                0x08005408       0x8c ./Src/stm32f1xx_hal_msp.o
                0x08005408                HAL_TIM_MspPostInit
 .text.HAL_UART_MspInit
                0x08005494       0x6c ./Src/stm32f1xx_hal_msp.o
                0x08005494                HAL_UART_MspInit
 .text.NMI_Handler
                0x08005500        0x2 ./Src/stm32f1xx_it.o
                0x08005500                NMI_Handler
 .text.HardFault_Handler
                0x08005502        0x2 ./Src/stm32f1xx_it.o
                0x08005502                HardFault_Handler
 .text.MemManage_Handler
                0x08005504        0x2 ./Src/stm32f1xx_it.o
                0x08005504                MemManage_Handler
 .text.BusFault_Handler
                0x08005506        0x2 ./Src/stm32f1xx_it.o
                0x08005506                BusFault_Handler
 .text.UsageFault_Handler
                0x08005508        0x2 ./Src/stm32f1xx_it.o
                0x08005508                UsageFault_Handler
 .text.SVC_Handler
                0x0800550a        0x2 ./Src/stm32f1xx_it.o
                0x0800550a                SVC_Handler
 .text.DebugMon_Handler
                0x0800550c        0x2 ./Src/stm32f1xx_it.o
                0x0800550c                DebugMon_Handler
 .text.PendSV_Handler
                0x0800550e        0x2 ./Src/stm32f1xx_it.o
                0x0800550e                PendSV_Handler
 .text.SysTick_Handler
                0x08005510        0xc ./Src/stm32f1xx_it.o
                0x08005510                SysTick_Handler
 .text.USART1_IRQHandler
                0x0800551c       0x10 ./Src/stm32f1xx_it.o
                0x0800551c                USART1_IRQHandler
 .text.SystemInit
                0x0800552c       0x4c ./Src/system_stm32f1xx.o
                0x0800552c                SystemInit
 .text.millis   0x08005578        0x8 ./Src/timing.o
                0x08005578                millis
 .text.micros   0x08005580        0x8 ./Src/timing.o
                0x08005580                micros
 .text.delay_ms
                0x08005588        0x8 ./Src/timing.o
                0x08005588                delay_ms
 .text.Reset_Handler
                0x08005590       0x48 ./startup/startup_stm32f103xb.o
                0x08005590                Reset_Handler
 .text.Default_Handler
                0x080055d8        0x2 ./startup/startup_stm32f103xb.o
                0x080055d8                RTC_Alarm_IRQHandler
                0x080055d8                EXTI2_IRQHandler
                0x080055d8                TIM1_CC_IRQHandler
                0x080055d8                PVD_IRQHandler
                0x080055d8                EXTI3_IRQHandler
                0x080055d8                EXTI0_IRQHandler
                0x080055d8                I2C2_EV_IRQHandler
                0x080055d8                ADC1_2_IRQHandler
                0x080055d8                SPI1_IRQHandler
                0x080055d8                TAMPER_IRQHandler
                0x080055d8                DMA1_Channel4_IRQHandler
                0x080055d8                USART3_IRQHandler
                0x080055d8                RTC_IRQHandler
                0x080055d8                DMA1_Channel7_IRQHandler
                0x080055d8                CAN1_RX1_IRQHandler
                0x080055d8                TIM4_IRQHandler
                0x080055d8                I2C1_EV_IRQHandler
                0x080055d8                DMA1_Channel6_IRQHandler
                0x080055d8                TIM3_IRQHandler
                0x080055d8                RCC_IRQHandler
                0x080055d8                TIM1_TRG_COM_IRQHandler
                0x080055d8                DMA1_Channel1_IRQHandler
                0x080055d8                Default_Handler
                0x080055d8                EXTI15_10_IRQHandler
                0x080055d8                EXTI9_5_IRQHandler
                0x080055d8                SPI2_IRQHandler
                0x080055d8                DMA1_Channel5_IRQHandler
                0x080055d8                EXTI4_IRQHandler
                0x080055d8                USB_LP_CAN1_RX0_IRQHandler
                0x080055d8                USB_HP_CAN1_TX_IRQHandler
                0x080055d8                DMA1_Channel3_IRQHandler
                0x080055d8                TIM1_UP_IRQHandler
                0x080055d8                WWDG_IRQHandler
                0x080055d8                TIM2_IRQHandler
                0x080055d8                TIM1_BRK_IRQHandler
                0x080055d8                EXTI1_IRQHandler
                0x080055d8                USART2_IRQHandler
                0x080055d8                I2C2_ER_IRQHandler
                0x080055d8                DMA1_Channel2_IRQHandler
                0x080055d8                CAN1_SCE_IRQHandler
                0x080055d8                FLASH_IRQHandler
                0x080055d8                I2C1_ER_IRQHandler
                0x080055d8                USBWakeUp_IRQHandler
 *fill*         0x080055da        0x2 
 .text.sprintf  0x080055dc       0x40 /opt/st/stm32cubeide_1.15.0/plugins/com.st.stm32cube.ide.mcu.externaltools.gnu-tools-for-stm32.12.3.rel1.linux64_1.0.100.202403111256/tools/bin/../lib/gcc/arm-none-eabi/12.3.1/../../../../arm-none-eabi/lib/thumb/v7-m/nofp/libc_nano.a(libc_a-sprintf.o)
                0x080055dc                sprintf
                0x080055dc                siprintf
 .text.__libc_init_array
                0x0800561c       0x48 /opt/st/stm32cubeide_1.15.0/plugins/com.st.stm32cube.ide.mcu.externaltools.gnu-tools-for-stm32.12.3.rel1.linux64_1.0.100.202403111256/tools/bin/../lib/gcc/arm-none-eabi/12.3.1/../../../../arm-none-eabi/lib/thumb/v7-m/nofp/libc_nano.a(libc_a-init.o)
                0x0800561c                __libc_init_array
 .text.__retarget_lock_acquire_recursive
                0x08005664        0x2 /opt/st/stm32cubeide_1.15.0/plugins/com.st.stm32cube.ide.mcu.externaltools.gnu-tools-for-stm32.12.3.rel1.linux64_1.0.100.202403111256/tools/bin/../lib/gcc/arm-none-eabi/12.3.1/../../../../arm-none-eabi/lib/thumb/v7-m/nofp/libc_nano.a(libc_a-lock.o)
                0x08005664                __retarget_lock_acquire_recursive
 .text.__retarget_lock_release_recursive
                0x08005666        0x2 /opt/st/stm32cubeide_1.15.0/plugins/com.st.stm32cube.ide.mcu.externaltools.gnu-tools-for-stm32.12.3.rel1.linux64_1.0.100.202403111256/tools/bin/../lib/gcc/arm-none-eabi/12.3.1/../../../../arm-none-eabi/lib/thumb/v7-m/nofp/libc_nano.a(libc_a-lock.o)
                0x08005666                __retarget_lock_release_recursive
 .text._free_r  0x08005668       0x90 /opt/st/stm32cubeide_1.15.0/plugins/com.st.stm32cube.ide.mcu.externaltools.gnu-tools-for-stm32.12.3.rel1.linux64_1.0.100.202403111256/tools/bin/../lib/gcc/arm-none-eabi/12.3.1/../../../../arm-none-eabi/lib/thumb/v7-m/nofp/libc_nano.a(libc_a-freer.o)
                0x08005668                _free_r
 .text.sbrk_aligned
                0x080056f8       0x44 /opt/st/stm32cubeide_1.15.0/plugins/com.st.stm32cube.ide.mcu.externaltools.gnu-tools-for-stm32.12.3.rel1.linux64_1.0.100.202403111256/tools/bin/../lib/gcc/arm-none-eabi/12.3.1/../../../../arm-none-eabi/lib/thumb/v7-m/nofp/libc_nano.a(libc_a-mallocr.o)
 .text._malloc_r
                0x0800573c      0x100 /opt/st/stm32cubeide_1.15.0/plugins/com.st.stm32cube.ide.mcu.externaltools.gnu-tools-for-stm32.12.3.rel1.linux64_1.0.100.202403111256/tools/bin/../lib/gcc/arm-none-eabi/12.3.1/../../../../arm-none-eabi/lib/thumb/v7-m/nofp/libc_nano.a(libc_a-mallocr.o)
                0x0800573c                _malloc_r
 .text.__malloc_lock
                0x0800583c        0xc /opt/st/stm32cubeide_1.15.0/plugins/com.st.stm32cube.ide.mcu.externaltools.gnu-tools-for-stm32.12.3.rel1.linux64_1.0.100.202403111256/tools/bin/../lib/gcc/arm-none-eabi/12.3.1/../../../../arm-none-eabi/lib/thumb/v7-m/nofp/libc_nano.a(libc_a-mlock.o)
                0x0800583c                __malloc_lock
 .text.__malloc_unlock
                0x08005848        0xc /opt/st/stm32cubeide_1.15.0/plugins/com.st.stm32cube.ide.mcu.externaltools.gnu-tools-for-stm32.12.3.rel1.linux64_1.0.100.202403111256/tools/bin/../lib/gcc/arm-none-eabi/12.3.1/../../../../arm-none-eabi/lib/thumb/v7-m/nofp/libc_nano.a(libc_a-mlock.o)
                0x08005848                __malloc_unlock
 .text.__ssputs_r
                0x08005854       0xb6 /opt/st/stm32cubeide_1.15.0/plugins/com.st.stm32cube.ide.mcu.externaltools.gnu-tools-for-stm32.12.3.rel1.linux64_1.0.100.202403111256/tools/bin/../lib/gcc/arm-none-eabi/12.3.1/../../../../arm-none-eabi/lib/thumb/v7-m/nofp/libc_nano.a(libc_a-nano-svfprintf.o)
                0x08005854                __ssputs_r
 *fill*         0x0800590a        0x2 
 .text._svfprintf_r
                0x0800590c      0x1f8 /opt/st/stm32cubeide_1.15.0/plugins/com.st.stm32cube.ide.mcu.externaltools.gnu-tools-for-stm32.12.3.rel1.linux64_1.0.100.202403111256/tools/bin/../lib/gcc/arm-none-eabi/12.3.1/../../../../arm-none-eabi/lib/thumb/v7-m/nofp/libc_nano.a(libc_a-nano-svfprintf.o)
                0x0800590c                _svfprintf_r
                0x0800590c                _svfiprintf_r
 .text._printf_common
                0x08005b04       0xe4 /opt/st/stm32cubeide_1.15.0/plugins/com.st.stm32cube.ide.mcu.externaltools.gnu-tools-for-stm32.12.3.rel1.linux64_1.0.100.202403111256/tools/bin/../lib/gcc/arm-none-eabi/12.3.1/../../../../arm-none-eabi/lib/thumb/v7-m/nofp/libc_nano.a(libc_a-nano-vfprintf_i.o)
                0x08005b04                _printf_common
 .text._printf_i
                0x08005be8      0x240 /opt/st/stm32cubeide_1.15.0/plugins/com.st.stm32cube.ide.mcu.externaltools.gnu-tools-for-stm32.12.3.rel1.linux64_1.0.100.202403111256/tools/bin/../lib/gcc/arm-none-eabi/12.3.1/../../../../arm-none-eabi/lib/thumb/v7-m/nofp/libc_nano.a(libc_a-nano-vfprintf_i.o)
                0x08005be8                _printf_i
 .text.memmove  0x08005e28       0x34 /opt/st/stm32cubeide_1.15.0/plugins/com.st.stm32cube.ide.mcu.externaltools.gnu-tools-for-stm32.12.3.rel1.linux64_1.0.100.202403111256/tools/bin/../lib/gcc/arm-none-eabi/12.3.1/../../../../arm-none-eabi/lib/thumb/v7-m/nofp/libc_nano.a(libc_a-memmove.o)
                0x08005e28                memmove
 .text._sbrk_r  0x08005e5c       0x20 /opt/st/stm32cubeide_1.15.0/plugins/com.st.stm32cube.ide.mcu.externaltools.gnu-tools-for-stm32.12.3.rel1.linux64_1.0.100.202403111256/tools/bin/../lib/gcc/arm-none-eabi/12.3.1/../../../../arm-none-eabi/lib/thumb/v7-m/nofp/libc_nano.a(libc_a-sbrkr.o)
                0x08005e5c                _sbrk_r
 .text.memchr   0x08005e7c       0x1c /opt/st/stm32cubeide_1.15.0/plugins/com.st.stm32cube.ide.mcu.externaltools.gnu-tools-for-stm32.12.3.rel1.linux64_1.0.100.202403111256/tools/bin/../lib/gcc/arm-none-eabi/12.3.1/../../../../arm-none-eabi/lib/thumb/v7-m/nofp/libc_nano.a(libc_a-memchr-stub.o)
                0x08005e7c                memchr
 .text.memcpy   0x08005e98       0x1c /opt/st/stm32cubeide_1.15.0/plugins/com.st.stm32cube.ide.mcu.externaltools.gnu-tools-for-stm32.12.3.rel1.linux64_1.0.100.202403111256/tools/bin/../lib/gcc/arm-none-eabi/12.3.1/../../../../arm-none-eabi/lib/thumb/v7-m/nofp/libc_nano.a(libc_a-memcpy-stub.o)
                0x08005e98                memcpy
 .text._realloc_r
                0x08005eb4       0x5c /opt/st/stm32cubeide_1.15.0/plugins/com.st.stm32cube.ide.mcu.externaltools.gnu-tools-for-stm32.12.3.rel1.linux64_1.0.100.202403111256/tools/bin/../lib/gcc/arm-none-eabi/12.3.1/../../../../arm-none-eabi/lib/thumb/v7-m/nofp/libc_nano.a(libc_a-reallocr.o)
                0x08005eb4                _realloc_r
 .text._malloc_usable_size_r
                0x08005f10       0x10 /opt/st/stm32cubeide_1.15.0/plugins/com.st.stm32cube.ide.mcu.externaltools.gnu-tools-for-stm32.12.3.rel1.linux64_1.0.100.202403111256/tools/bin/../lib/gcc/arm-none-eabi/12.3.1/../../../../arm-none-eabi/lib/thumb/v7-m/nofp/libc_nano.a(libc_a-msizer.o)
                0x08005f10                _malloc_usable_size_r
 .text.asin     0x08005f20       0x50 /opt/st/stm32cubeide_1.15.0/plugins/com.st.stm32cube.ide.mcu.externaltools.gnu-tools-for-stm32.12.3.rel1.linux64_1.0.100.202403111256/tools/bin/../lib/gcc/arm-none-eabi/12.3.1/../../../../arm-none-eabi/lib/thumb/v7-m/nofp/libm.a(libm_a-w_asin.o)
                0x08005f20                asin
 .text.atan2    0x08005f70        0x4 /opt/st/stm32cubeide_1.15.0/plugins/com.st.stm32cube.ide.mcu.externaltools.gnu-tools-for-stm32.12.3.rel1.linux64_1.0.100.202403111256/tools/bin/../lib/gcc/arm-none-eabi/12.3.1/../../../../arm-none-eabi/lib/thumb/v7-m/nofp/libm.a(libm_a-w_atan2.o)
                0x08005f70                atan2
 .text.pow      0x08005f74       0xd0 /opt/st/stm32cubeide_1.15.0/plugins/com.st.stm32cube.ide.mcu.externaltools.gnu-tools-for-stm32.12.3.rel1.linux64_1.0.100.202403111256/tools/bin/../lib/gcc/arm-none-eabi/12.3.1/../../../../arm-none-eabi/lib/thumb/v7-m/nofp/libm.a(libm_a-w_pow.o)
                0x08005f74                pow
 .text.sqrt     0x08006044       0x48 /opt/st/stm32cubeide_1.15.0/plugins/com.st.stm32cube.ide.mcu.externaltools.gnu-tools-for-stm32.12.3.rel1.linux64_1.0.100.202403111256/tools/bin/../lib/gcc/arm-none-eabi/12.3.1/../../../../arm-none-eabi/lib/thumb/v7-m/nofp/libm.a(libm_a-w_sqrt.o)
                0x08006044                sqrt
 .text.fabs     0x0800608c        0x8 /opt/st/stm32cubeide_1.15.0/plugins/com.st.stm32cube.ide.mcu.externaltools.gnu-tools-for-stm32.12.3.rel1.linux64_1.0.100.202403111256/tools/bin/../lib/gcc/arm-none-eabi/12.3.1/../../../../arm-none-eabi/lib/thumb/v7-m/nofp/libm.a(libm_a-s_fabs.o)
                0x0800608c                fabs
 .text.finite   0x08006094        0xc /opt/st/stm32cubeide_1.15.0/plugins/com.st.stm32cube.ide.mcu.externaltools.gnu-tools-for-stm32.12.3.rel1.linux64_1.0.100.202403111256/tools/bin/../lib/gcc/arm-none-eabi/12.3.1/../../../../arm-none-eabi/lib/thumb/v7-m/nofp/libm.a(libm_a-s_finite.o)
                0x08006094                finite
 .text.nan      0x080060a0        0xc /opt/st/stm32cubeide_1.15.0/plugins/com.st.stm32cube.ide.mcu.externaltools.gnu-tools-for-stm32.12.3.rel1.linux64_1.0.100.202403111256/tools/bin/../lib/gcc/arm-none-eabi/12.3.1/../../../../arm-none-eabi/lib/thumb/v7-m/nofp/libm.a(libm_a-s_nan.o)
                0x080060a0                nan
 .text.__ieee754_sqrt
                0x080060ac      0x1ac /opt/st/stm32cubeide_1.15.0/plugins/com.st.stm32cube.ide.mcu.externaltools.gnu-tools-for-stm32.12.3.rel1.linux64_1.0.100.202403111256/tools/bin/../lib/gcc/arm-none-eabi/12.3.1/../../../../arm-none-eabi/lib/thumb/v7-m/nofp/libm.a(libm_a-e_sqrt.o)
                0x080060ac                __ieee754_sqrt
 .text.__ieee754_asin
                0x08006258      0x3f8 /opt/st/stm32cubeide_1.15.0/plugins/com.st.stm32cube.ide.mcu.externaltools.gnu-tools-for-stm32.12.3.rel1.linux64_1.0.100.202403111256/tools/bin/../lib/gcc/arm-none-eabi/12.3.1/../../../../arm-none-eabi/lib/thumb/v7-m/nofp/libm.a(libm_a-e_asin.o)
                0x08006258                __ieee754_asin
 .text.__ieee754_atan2
                0x08006650      0x1a4 /opt/st/stm32cubeide_1.15.0/plugins/com.st.stm32cube.ide.mcu.externaltools.gnu-tools-for-stm32.12.3.rel1.linux64_1.0.100.202403111256/tools/bin/../lib/gcc/arm-none-eabi/12.3.1/../../../../arm-none-eabi/lib/thumb/v7-m/nofp/libm.a(libm_a-e_atan2.o)
                0x08006650                __ieee754_atan2
 *fill*         0x080067f4        0x4 
 .text.__ieee754_pow
                0x080067f8      0xa50 /opt/st/stm32cubeide_1.15.0/plugins/com.st.stm32cube.ide.mcu.externaltools.gnu-tools-for-stm32.12.3.rel1.linux64_1.0.100.202403111256/tools/bin/../lib/gcc/arm-none-eabi/12.3.1/../../../../arm-none-eabi/lib/thumb/v7-m/nofp/libm.a(libm_a-e_pow.o)
                0x080067f8                __ieee754_pow
 .text.atan     0x08007248      0x320 /opt/st/stm32cubeide_1.15.0/plugins/com.st.stm32cube.ide.mcu.externaltools.gnu-tools-for-stm32.12.3.rel1.linux64_1.0.100.202403111256/tools/bin/../lib/gcc/arm-none-eabi/12.3.1/../../../../arm-none-eabi/lib/thumb/v7-m/nofp/libm.a(libm_a-s_atan.o)
                0x08007248                atan
 .text.scalbn   0x08007568       0xec /opt/st/stm32cubeide_1.15.0/plugins/com.st.stm32cube.ide.mcu.externaltools.gnu-tools-for-stm32.12.3.rel1.linux64_1.0.100.202403111256/tools/bin/../lib/gcc/arm-none-eabi/12.3.1/../../../../arm-none-eabi/lib/thumb/v7-m/nofp/libm.a(libm_a-s_scalbn.o)
                0x08007568                scalbn
 .text.with_errno
                0x08007654       0x14 /opt/st/stm32cubeide_1.15.0/plugins/com.st.stm32cube.ide.mcu.externaltools.gnu-tools-for-stm32.12.3.rel1.linux64_1.0.100.202403111256/tools/bin/../lib/gcc/arm-none-eabi/12.3.1/../../../../arm-none-eabi/lib/thumb/v7-m/nofp/libm.a(libm_a-math_err.o)
 .text.xflow    0x08007668       0x26 /opt/st/stm32cubeide_1.15.0/plugins/com.st.stm32cube.ide.mcu.externaltools.gnu-tools-for-stm32.12.3.rel1.linux64_1.0.100.202403111256/tools/bin/../lib/gcc/arm-none-eabi/12.3.1/../../../../arm-none-eabi/lib/thumb/v7-m/nofp/libm.a(libm_a-math_err.o)
 .text.__math_uflow
                0x0800768e        0xa /opt/st/stm32cubeide_1.15.0/plugins/com.st.stm32cube.ide.mcu.externaltools.gnu-tools-for-stm32.12.3.rel1.linux64_1.0.100.202403111256/tools/bin/../lib/gcc/arm-none-eabi/12.3.1/../../../../arm-none-eabi/lib/thumb/v7-m/nofp/libm.a(libm_a-math_err.o)
                0x0800768e                __math_uflow
 .text.__math_oflow
                0x08007698        0xa /opt/st/stm32cubeide_1.15.0/plugins/com.st.stm32cube.ide.mcu.externaltools.gnu-tools-for-stm32.12.3.rel1.linux64_1.0.100.202403111256/tools/bin/../lib/gcc/arm-none-eabi/12.3.1/../../../../arm-none-eabi/lib/thumb/v7-m/nofp/libm.a(libm_a-math_err.o)
                0x08007698                __math_oflow
 *fill*         0x080076a2        0x2 
 .text.__errno  0x080076a4        0xc /opt/st/stm32cubeide_1.15.0/plugins/com.st.stm32cube.ide.mcu.externaltools.gnu-tools-for-stm32.12.3.rel1.linux64_1.0.100.202403111256/tools/bin/../lib/gcc/arm-none-eabi/12.3.1/../../../../arm-none-eabi/lib/thumb/v7-m/nofp/libc_nano.a(libc_a-errno.o)
                0x080076a4                __errno
 .text._sbrk    0x080076b0       0x1c /opt/st/stm32cubeide_1.15.0/plugins/com.st.stm32cube.ide.mcu.externaltools.gnu-tools-for-stm32.12.3.rel1.linux64_1.0.100.202403111256/tools/bin/../lib/gcc/arm-none-eabi/12.3.1/../../../../arm-none-eabi/lib/thumb/v7-m/nofp/libnosys.a(sbrk.o)
                0x080076b0                _sbrk
 *(.glue_7)
 .glue_7        0x080076cc        0x0 linker stubs
 *(.glue_7t)
 .glue_7t       0x080076cc        0x0 linker stubs
 *(.eh_frame)
 .eh_frame      0x080076cc        0x0 /opt/st/stm32cubeide_1.15.0/plugins/com.st.stm32cube.ide.mcu.externaltools.gnu-tools-for-stm32.12.3.rel1.linux64_1.0.100.202403111256/tools/bin/../lib/gcc/arm-none-eabi/12.3.1/thumb/v7-m/nofp/crtbegin.o
 *(.init)
 .init          0x080076cc        0x4 /opt/st/stm32cubeide_1.15.0/plugins/com.st.stm32cube.ide.mcu.externaltools.gnu-tools-for-stm32.12.3.rel1.linux64_1.0.100.202403111256/tools/bin/../lib/gcc/arm-none-eabi/12.3.1/thumb/v7-m/nofp/crti.o
                0x080076cc                _init
 .init          0x080076d0        0x8 /opt/st/stm32cubeide_1.15.0/plugins/com.st.stm32cube.ide.mcu.externaltools.gnu-tools-for-stm32.12.3.rel1.linux64_1.0.100.202403111256/tools/bin/../lib/gcc/arm-none-eabi/12.3.1/thumb/v7-m/nofp/crtn.o
 *(.fini)
 .fini          0x080076d8        0x4 /opt/st/stm32cubeide_1.15.0/plugins/com.st.stm32cube.ide.mcu.externaltools.gnu-tools-for-stm32.12.3.rel1.linux64_1.0.100.202403111256/tools/bin/../lib/gcc/arm-none-eabi/12.3.1/thumb/v7-m/nofp/crti.o
                0x080076d8                _fini
 .fini          0x080076dc        0x8 /opt/st/stm32cubeide_1.15.0/plugins/com.st.stm32cube.ide.mcu.externaltools.gnu-tools-for-stm32.12.3.rel1.linux64_1.0.100.202403111256/tools/bin/../lib/gcc/arm-none-eabi/12.3.1/thumb/v7-m/nofp/crtn.o
                0x080076e4                        . = ALIGN (0x4)
                0x080076e4                        _etext = .

.vfp11_veneer   0x080076e4        0x0
 .vfp11_veneer  0x080076e4        0x0 linker stubs

.v4_bx          0x080076e4        0x0
 .v4_bx         0x080076e4        0x0 linker stubs

.iplt           0x080076e4        0x0
 .iplt          0x080076e4        0x0 /opt/st/stm32cubeide_1.15.0/plugins/com.st.stm32cube.ide.mcu.externaltools.gnu-tools-for-stm32.12.3.rel1.linux64_1.0.100.202403111256/tools/bin/../lib/gcc/arm-none-eabi/12.3.1/thumb/v7-m/nofp/crtbegin.o

.rodata         0x080076e8      0x180
                0x080076e8                        . = ALIGN (0x4)
 *(.rodata)
 .rodata        0x080076e8        0xf ./Src/MPU9250.o
 *(.rodata*)
 *fill*         0x080076f7        0x1 
 .rodata.HAL_RCC_GetSysClockFreq.str1.4
                0x080076f8       0x11 ./Drivers/STM32F1xx_HAL_Driver/Src/stm32f1xx_hal_rcc.o
 *fill*         0x08007709        0x3 
 .rodata.MPU9250_Init.str1.4
                0x0800770c       0x11 ./Src/MPU9250.o
 *fill*         0x0800771d        0x3 
 .rodata.MS5611_ReadADC.str1.4
                0x08007720       0x10 ./Src/MS5611.o
 .rodata.I2C_WriteByte.str1.4
                0x08007730        0xd ./Src/i2c.o
 *fill*         0x0800773d        0x3 
 .rodata.MSP_SendFrame.str1.4
                0x08007740        0x4 ./Src/msp.o
 .rodata._Error_Handler.str1.4
                0x08007744       0x17 ./Src/peripherals.o
 *fill*         0x0800775b        0x1 
 .rodata.SystemClock_Config.str1.4
                0x0800775c       0x15 ./Src/peripherals.o
 *fill*         0x08007771        0x3 
 .rodata.serialInt.str1.4
                0x08007774        0x3 ./Src/serial.o
 *fill*         0x08007777        0x1 
 .rodata.APBPrescTable
                0x08007778        0x8 ./Src/system_stm32f1xx.o
                0x08007778                APBPrescTable
 .rodata.AHBPrescTable
                0x08007780       0x10 ./Src/system_stm32f1xx.o
                0x08007780                AHBPrescTable
 .rodata._svfprintf_r.str1.1
                0x08007790       0x11 /opt/st/stm32cubeide_1.15.0/plugins/com.st.stm32cube.ide.mcu.externaltools.gnu-tools-for-stm32.12.3.rel1.linux64_1.0.100.202403111256/tools/bin/../lib/gcc/arm-none-eabi/12.3.1/../../../../arm-none-eabi/lib/thumb/v7-m/nofp/libc_nano.a(libc_a-nano-svfprintf.o)
 .rodata._printf_i.str1.1
                0x080077a1       0x22 /opt/st/stm32cubeide_1.15.0/plugins/com.st.stm32cube.ide.mcu.externaltools.gnu-tools-for-stm32.12.3.rel1.linux64_1.0.100.202403111256/tools/bin/../lib/gcc/arm-none-eabi/12.3.1/../../../../arm-none-eabi/lib/thumb/v7-m/nofp/libc_nano.a(libc_a-nano-vfprintf_i.o)
 .rodata.asin.str1.1
                0x080077c3       0x22 /opt/st/stm32cubeide_1.15.0/plugins/com.st.stm32cube.ide.mcu.externaltools.gnu-tools-for-stm32.12.3.rel1.linux64_1.0.100.202403111256/tools/bin/../lib/gcc/arm-none-eabi/12.3.1/../../../../arm-none-eabi/lib/thumb/v7-m/nofp/libm.a(libm_a-w_asin.o)
                                  0x1 (size before relaxing)
 *fill*         0x080077c3        0x5 
 .rodata.CSWTCH.9
                0x080077c8       0x18 /opt/st/stm32cubeide_1.15.0/plugins/com.st.stm32cube.ide.mcu.externaltools.gnu-tools-for-stm32.12.3.rel1.linux64_1.0.100.202403111256/tools/bin/../lib/gcc/arm-none-eabi/12.3.1/../../../../arm-none-eabi/lib/thumb/v7-m/nofp/libm.a(libm_a-e_atan2.o)
 .rodata.CSWTCH.8
                0x080077e0       0x18 /opt/st/stm32cubeide_1.15.0/plugins/com.st.stm32cube.ide.mcu.externaltools.gnu-tools-for-stm32.12.3.rel1.linux64_1.0.100.202403111256/tools/bin/../lib/gcc/arm-none-eabi/12.3.1/../../../../arm-none-eabi/lib/thumb/v7-m/nofp/libm.a(libm_a-e_atan2.o)
 .rodata.dp_l   0x080077f8       0x10 /opt/st/stm32cubeide_1.15.0/plugins/com.st.stm32cube.ide.mcu.externaltools.gnu-tools-for-stm32.12.3.rel1.linux64_1.0.100.202403111256/tools/bin/../lib/gcc/arm-none-eabi/12.3.1/../../../../arm-none-eabi/lib/thumb/v7-m/nofp/libm.a(libm_a-e_pow.o)
 .rodata.dp_h   0x08007808       0x10 /opt/st/stm32cubeide_1.15.0/plugins/com.st.stm32cube.ide.mcu.externaltools.gnu-tools-for-stm32.12.3.rel1.linux64_1.0.100.202403111256/tools/bin/../lib/gcc/arm-none-eabi/12.3.1/../../../../arm-none-eabi/lib/thumb/v7-m/nofp/libm.a(libm_a-e_pow.o)
 .rodata.bp     0x08007818       0x10 /opt/st/stm32cubeide_1.15.0/plugins/com.st.stm32cube.ide.mcu.externaltools.gnu-tools-for-stm32.12.3.rel1.linux64_1.0.100.202403111256/tools/bin/../lib/gcc/arm-none-eabi/12.3.1/../../../../arm-none-eabi/lib/thumb/v7-m/nofp/libm.a(libm_a-e_pow.o)
 .rodata.atanlo
                0x08007828       0x20 /opt/st/stm32cubeide_1.15.0/plugins/com.st.stm32cube.ide.mcu.externaltools.gnu-tools-for-stm32.12.3.rel1.linux64_1.0.100.202403111256/tools/bin/../lib/gcc/arm-none-eabi/12.3.1/../../../../arm-none-eabi/lib/thumb/v7-m/nofp/libm.a(libm_a-s_atan.o)
 .rodata.atanhi
                0x08007848       0x20 /opt/st/stm32cubeide_1.15.0/plugins/com.st.stm32cube.ide.mcu.externaltools.gnu-tools-for-stm32.12.3.rel1.linux64_1.0.100.202403111256/tools/bin/../lib/gcc/arm-none-eabi/12.3.1/../../../../arm-none-eabi/lib/thumb/v7-m/nofp/libm.a(libm_a-s_atan.o)
                0x08007868                        . = ALIGN (0x4)

.ARM.extab
 *(.ARM.extab* .gnu.linkonce.armextab.*)

.ARM            0x08007868        0x8
                0x08007868                        __exidx_start = .
 *(.ARM.exidx*)
 .ARM.exidx     0x08007868        0x8 /opt/st/stm32cubeide_1.15.0/plugins/com.st.stm32cube.ide.mcu.externaltools.gnu-tools-for-stm32.12.3.rel1.linux64_1.0.100.202403111256/tools/bin/../lib/gcc/arm-none-eabi/12.3.1/../../../../arm-none-eabi/lib/thumb/v7-m/nofp/libc_nano.a(libc_a-strlen.o)
                0x08007870                        __exidx_end = .

.rel.dyn        0x08007870        0x0
 .rel.iplt      0x08007870        0x0 /opt/st/stm32cubeide_1.15.0/plugins/com.st.stm32cube.ide.mcu.externaltools.gnu-tools-for-stm32.12.3.rel1.linux64_1.0.100.202403111256/tools/bin/../lib/gcc/arm-none-eabi/12.3.1/thumb/v7-m/nofp/crtbegin.o

.preinit_array  0x08007870        0x0
                0x08007870                        PROVIDE (__preinit_array_start = .)
 *(.preinit_array*)
                0x08007870                        PROVIDE (__preinit_array_end = .)

.init_array     0x08007870        0x4
                0x08007870                        PROVIDE (__init_array_start = .)
 *(SORT_BY_NAME(.init_array.*))
 *(.init_array*)
 .init_array    0x08007870        0x4 /opt/st/stm32cubeide_1.15.0/plugins/com.st.stm32cube.ide.mcu.externaltools.gnu-tools-for-stm32.12.3.rel1.linux64_1.0.100.202403111256/tools/bin/../lib/gcc/arm-none-eabi/12.3.1/thumb/v7-m/nofp/crtbegin.o
                0x08007874                        PROVIDE (__init_array_end = .)

.fini_array     0x08007874        0x4
                [!provide]                        PROVIDE (__fini_array_start = .)
 *(SORT_BY_NAME(.fini_array.*))
 *(.fini_array*)
 .fini_array    0x08007874        0x4 /opt/st/stm32cubeide_1.15.0/plugins/com.st.stm32cube.ide.mcu.externaltools.gnu-tools-for-stm32.12.3.rel1.linux64_1.0.100.202403111256/tools/bin/../lib/gcc/arm-none-eabi/12.3.1/thumb/v7-m/nofp/crtbegin.o
                [!provide]                        PROVIDE (__fini_array_end = .)
                0x08007878                        _sidata = LOADADDR (.data)

.data           0x20000000      0x220 load address 0x08007878
                0x20000000                        . = ALIGN (0x4)
                0x20000000                        _sdata = .
 *(.data)
 *(.data*)
 .data.lpf_roll
                0x20000000        0x8 ./Src/MPU9250.o
                0x20000000                lpf_roll
 .data.lpf_pitch
                0x20000008        0x8 ./Src/MPU9250.o
                0x20000008                lpf_pitch
 .data.magScale
                0x20000010        0xc ./Src/MPU9250.o
                0x20000010                magScale
 .data.gyroBias
                0x2000001c        0xc ./Src/MPU9250.o
                0x2000001c                gyroBias
 .data.magBias  0x20000028        0xc ./Src/MPU9250.o
                0x20000028                magBias
 .data.mRes     0x20000034        0x4 ./Src/MPU9250.o
                0x20000034                mRes
 .data.MS5611_OSR
                0x20000038        0x1 ./Src/MS5611.o
 *fill*         0x20000039        0x3 
 .data.q        0x2000003c       0x10 ./Src/MadgwickAHRS.o
                0x2000003c                q
 .data.pid_altitude
                0x2000004c       0x5c ./Src/pid.o
                0x2000004c                pid_altitude
 .data.pid_yaw  0x200000a8       0x5c ./Src/pid.o
                0x200000a8                pid_yaw
 .data.pid_roll
                0x20000104       0x5c ./Src/pid.o
                0x20000104                pid_roll
 .data.pid_pitch
                0x20000160       0x5c ./Src/pid.o
                0x20000160                pid_pitch
 .data.SystemCoreClock
                0x200001bc        0x4 ./Src/system_stm32f1xx.o
                0x200001bc                SystemCoreClock
 .data._impure_ptr
                0x200001c0        0x4 /opt/st/stm32cubeide_1.15.0/plugins/com.st.stm32cube.ide.mcu.externaltools.gnu-tools-for-stm32.12.3.rel1.linux64_1.0.100.202403111256/tools/bin/../lib/gcc/arm-none-eabi/12.3.1/../../../../arm-none-eabi/lib/thumb/v7-m/nofp/libc_nano.a(libc_a-impure.o)
                0x200001c0                _impure_ptr
 .data._impure_data
                0x200001c4       0x4c /opt/st/stm32cubeide_1.15.0/plugins/com.st.stm32cube.ide.mcu.externaltools.gnu-tools-for-stm32.12.3.rel1.linux64_1.0.100.202403111256/tools/bin/../lib/gcc/arm-none-eabi/12.3.1/../../../../arm-none-eabi/lib/thumb/v7-m/nofp/libc_nano.a(libc_a-impure.o)
                0x200001c4                _impure_data
 .data.tiny     0x20000210        0x8 /opt/st/stm32cubeide_1.15.0/plugins/com.st.stm32cube.ide.mcu.externaltools.gnu-tools-for-stm32.12.3.rel1.linux64_1.0.100.202403111256/tools/bin/../lib/gcc/arm-none-eabi/12.3.1/../../../../arm-none-eabi/lib/thumb/v7-m/nofp/libm.a(libm_a-e_sqrt.o)
 .data.one      0x20000218        0x8 /opt/st/stm32cubeide_1.15.0/plugins/com.st.stm32cube.ide.mcu.externaltools.gnu-tools-for-stm32.12.3.rel1.linux64_1.0.100.202403111256/tools/bin/../lib/gcc/arm-none-eabi/12.3.1/../../../../arm-none-eabi/lib/thumb/v7-m/nofp/libm.a(libm_a-e_sqrt.o)
                0x20000220                        . = ALIGN (0x4)
                0x20000220                        _edata = .

.igot.plt       0x20000220        0x0 load address 0x08007a98
 .igot.plt      0x20000220        0x0 /opt/st/stm32cubeide_1.15.0/plugins/com.st.stm32cube.ide.mcu.externaltools.gnu-tools-for-stm32.12.3.rel1.linux64_1.0.100.202403111256/tools/bin/../lib/gcc/arm-none-eabi/12.3.1/thumb/v7-m/nofp/crtbegin.o
                0x20000220                        . = ALIGN (0x4)

.bss            0x20000220      0xcbc load address 0x08007a98
                0x20000220                        _sbss = .
                0x20000220                        __bss_start__ = _sbss
 *(.bss)
 .bss           0x20000220       0x1c /opt/st/stm32cubeide_1.15.0/plugins/com.st.stm32cube.ide.mcu.externaltools.gnu-tools-for-stm32.12.3.rel1.linux64_1.0.100.202403111256/tools/bin/../lib/gcc/arm-none-eabi/12.3.1/thumb/v7-m/nofp/crtbegin.o
 *(.bss*)
 .bss.uwTick    0x2000023c        0x4 ./Drivers/STM32F1xx_HAL_Driver/Src/stm32f1xx_hal.o
 .bss.magRaw    0x20000240        0x6 ./Src/MPU9250.o
                0x20000240                magRaw
 *fill*         0x20000246        0x2 
 .bss.gyroRaw   0x20000248        0x6 ./Src/MPU9250.o
                0x20000248                gyroRaw
 *fill*         0x2000024e        0x2 
 .bss.accelRaw  0x20000250        0x6 ./Src/MPU9250.o
                0x20000250                accelRaw
 *fill*         0x20000256        0x2 
 .bss.magCalib  0x20000258        0xc ./Src/MPU9250.o
                0x20000258                magCalib
 .bss.magData   0x20000264        0xc ./Src/MPU9250.o
                0x20000264                magData
 .bss.gyroData  0x20000270        0xc ./Src/MPU9250.o
                0x20000270                gyroData
 .bss.accelData
                0x2000027c        0xc ./Src/MPU9250.o
                0x2000027c                accelData
 .bss.AHRS_Angle
                0x20000288        0xc ./Src/MPU9250.o
                0x20000288                AHRS_Angle
 .bss.AHRS_timeNow
                0x20000294        0x4 ./Src/MPU9250.o
                0x20000294                AHRS_timeNow
 .bss.AHRS_lastUpdate
                0x20000298        0x4 ./Src/MPU9250.o
                0x20000298                AHRS_lastUpdate
 .bss.pressure_time
                0x2000029c        0x4 ./Src/MS5611.o
 .bss.temp_time
                0x200002a0        0x4 ./Src/MS5611.o
 .bss.PRESSURE_READY
                0x200002a4        0x1 ./Src/MS5611.o
 .bss.TEMP_READY
                0x200002a5        0x1 ./Src/MS5611.o
 *fill*         0x200002a6        0x2 
 .bss.MS5611_Coefficients
                0x200002a8       0x10 ./Src/MS5611.o
 .bss.MS5611_RawPressure
                0x200002b8        0x4 ./Src/MS5611.o
 .bss.MS5611_RawTemperature
                0x200002bc        0x4 ./Src/MS5611.o
 .bss.MS5611_FilteredAltitude
                0x200002c0        0x4 ./Src/MS5611.o
                0x200002c0                MS5611_FilteredAltitude
 .bss.MS5611_Altitude
                0x200002c4        0x4 ./Src/MS5611.o
                0x200002c4                MS5611_Altitude
 .bss.MS5611_CompensatedPressure
                0x200002c8        0x4 ./Src/MS5611.o
                0x200002c8                MS5611_CompensatedPressure
 .bss.MS5611_CompensatedTemperature
                0x200002cc        0x4 ./Src/MS5611.o
                0x200002cc                MS5611_CompensatedTemperature
 .bss.alt_filter
                0x200002d0       0x50 ./Src/MS5611.o
                0x200002d0                alt_filter
 .bss.deltat    0x20000320        0x4 ./Src/MadgwickAHRS.o
                0x20000320                deltat
 .bss.beta      0x20000324        0x4 ./Src/MadgwickAHRS.o
                0x20000324                beta
 .bss.noHyperCall
                0x20000328        0x4 ./Src/afl_call.o
                0x20000328                noHyperCall
 .bss.rxc       0x2000032c      0x806 ./Src/circular_buffer.o
                0x2000032c                rxc
 *fill*         0x20000b32        0x2 
 .bss.joystick  0x20000b34        0x8 ./Src/joystick.o
                0x20000b34                joystick
 .bss.last_tick3
                0x20000b3c        0x4 ./Src/main.o
                0x20000b3c                last_tick3
 .bss.last_tick2
                0x20000b40        0x4 ./Src/main.o
                0x20000b40                last_tick2
 .bss.last_tick1
                0x20000b44        0x4 ./Src/main.o
                0x20000b44                last_tick1
 .bss.motor_pwm
                0x20000b48       0x10 ./Src/motor.o
                0x20000b48                motor_pwm
 .bss.msp_txf_pid
                0x20000b58       0x1e ./Src/msp.o
                0x20000b58                msp_txf_pid
 *fill*         0x20000b76        0x2 
 .bss.msp_txf_altitude
                0x20000b78        0x6 ./Src/msp.o
                0x20000b78                msp_txf_altitude
 *fill*         0x20000b7e        0x2 
 .bss.msp_txf_attitude
                0x20000b80        0x6 ./Src/msp.o
                0x20000b80                msp_txf_attitude
 *fill*         0x20000b86        0x2 
 .bss.msp_txf_motor
                0x20000b88        0x8 ./Src/msp.o
                0x20000b88                msp_txf_motor
 .bss.msp_txf_raw_imu
                0x20000b90       0x12 ./Src/msp.o
                0x20000b90                msp_txf_raw_imu
 *fill*         0x20000ba2        0x2 
 .bss.msp_txf_status
                0x20000ba4        0xb ./Src/msp.o
                0x20000ba4                msp_txf_status
 *fill*         0x20000baf        0x1 
 .bss.msp_txf_ident
                0x20000bb0        0x7 ./Src/msp.o
                0x20000bb0                msp_txf_ident
 *fill*         0x20000bb7        0x1 
 .bss.huart1    0x20000bb8       0x40 ./Src/peripherals.o
                0x20000bb8                huart1
 .bss.htim4     0x20000bf8       0x3c ./Src/peripherals.o
                0x20000bf8                htim4
 .bss.htim3     0x20000c34       0x3c ./Src/peripherals.o
                0x20000c34                htim3
 .bss.htim2     0x20000c70       0x3c ./Src/peripherals.o
                0x20000c70                htim2
 .bss.htim1     0x20000cac       0x3c ./Src/peripherals.o
                0x20000cac                htim1
 .bss.hi2c1     0x20000ce8       0x3c ./Src/peripherals.o
                0x20000ce8                hi2c1
 .bss.ALT_FLAG  0x20000d24        0x1 ./Src/pid.o
                0x20000d24                ALT_FLAG
 *fill*         0x20000d25        0x3 
 .bss.tx_buffer
                0x20000d28       0x64 ./Src/serial.o
                0x20000d28                tx_buffer
 .bss.rx_buffer
                0x20000d8c        0x2 ./Src/serial.o
                0x20000d8c                rx_buffer
 *fill*         0x20000d8e        0x2 
 .bss.__sf      0x20000d90      0x138 /opt/st/stm32cubeide_1.15.0/plugins/com.st.stm32cube.ide.mcu.externaltools.gnu-tools-for-stm32.12.3.rel1.linux64_1.0.100.202403111256/tools/bin/../lib/gcc/arm-none-eabi/12.3.1/../../../../arm-none-eabi/lib/thumb/v7-m/nofp/libc_nano.a(libc_a-findfp.o)
                0x20000d90                __sf
 .bss.errno     0x20000ec8        0x4 /opt/st/stm32cubeide_1.15.0/plugins/com.st.stm32cube.ide.mcu.externaltools.gnu-tools-for-stm32.12.3.rel1.linux64_1.0.100.202403111256/tools/bin/../lib/gcc/arm-none-eabi/12.3.1/../../../../arm-none-eabi/lib/thumb/v7-m/nofp/libc_nano.a(libc_a-reent.o)
                0x20000ec8                errno
 .bss.__lock___malloc_recursive_mutex
                0x20000ecc        0x1 /opt/st/stm32cubeide_1.15.0/plugins/com.st.stm32cube.ide.mcu.externaltools.gnu-tools-for-stm32.12.3.rel1.linux64_1.0.100.202403111256/tools/bin/../lib/gcc/arm-none-eabi/12.3.1/../../../../arm-none-eabi/lib/thumb/v7-m/nofp/libc_nano.a(libc_a-lock.o)
                0x20000ecc                __lock___malloc_recursive_mutex
 *fill*         0x20000ecd        0x3 
 .bss.__malloc_sbrk_start
                0x20000ed0        0x4 /opt/st/stm32cubeide_1.15.0/plugins/com.st.stm32cube.ide.mcu.externaltools.gnu-tools-for-stm32.12.3.rel1.linux64_1.0.100.202403111256/tools/bin/../lib/gcc/arm-none-eabi/12.3.1/../../../../arm-none-eabi/lib/thumb/v7-m/nofp/libc_nano.a(libc_a-mallocr.o)
                0x20000ed0                __malloc_sbrk_start
 .bss.__malloc_free_list
                0x20000ed4        0x4 /opt/st/stm32cubeide_1.15.0/plugins/com.st.stm32cube.ide.mcu.externaltools.gnu-tools-for-stm32.12.3.rel1.linux64_1.0.100.202403111256/tools/bin/../lib/gcc/arm-none-eabi/12.3.1/../../../../arm-none-eabi/lib/thumb/v7-m/nofp/libc_nano.a(libc_a-mallocr.o)
                0x20000ed4                __malloc_free_list
 .bss.heap_end.0
                0x20000ed8        0x4 /opt/st/stm32cubeide_1.15.0/plugins/com.st.stm32cube.ide.mcu.externaltools.gnu-tools-for-stm32.12.3.rel1.linux64_1.0.100.202403111256/tools/bin/../lib/gcc/arm-none-eabi/12.3.1/../../../../arm-none-eabi/lib/thumb/v7-m/nofp/libnosys.a(sbrk.o)
 *(COMMON)
                0x20000edc                        . = ALIGN (0x4)
                0x20000edc                        _ebss = .
                0x20000edc                        __bss_end__ = _ebss

._user_heap_stack
                0x20000edc      0x600 load address 0x08007a98
                0x20000edc                        . = ALIGN (0x4)
                0x20000edc                        PROVIDE (end = .)
                [!provide]                        PROVIDE (_end = .)
                0x200010dc                        . = (. + _Min_Heap_Size)
 *fill*         0x20000edc      0x200 
                0x200014dc                        . = (. + _Min_Stack_Size)
 *fill*         0x200010dc      0x400 
                0x200014dc                        . = ALIGN (0x4)

/DISCARD/
 libc.a(*)
 libm.a(*)
 libgcc.a(*)

.ARM.attributes
                0x00000000       0x29
 *(.ARM.attributes)
 .ARM.attributes
                0x00000000       0x1d /opt/st/stm32cubeide_1.15.0/plugins/com.st.stm32cube.ide.mcu.externaltools.gnu-tools-for-stm32.12.3.rel1.linux64_1.0.100.202403111256/tools/bin/../lib/gcc/arm-none-eabi/12.3.1/thumb/v7-m/nofp/crti.o
 .ARM.attributes
                0x0000001d       0x2d /opt/st/stm32cubeide_1.15.0/plugins/com.st.stm32cube.ide.mcu.externaltools.gnu-tools-for-stm32.12.3.rel1.linux64_1.0.100.202403111256/tools/bin/../lib/gcc/arm-none-eabi/12.3.1/thumb/v7-m/nofp/crtbegin.o
 .ARM.attributes
                0x0000004a       0x2d ./Drivers/STM32F1xx_HAL_Driver/Src/stm32f1xx_hal.o
 .ARM.attributes
                0x00000077       0x2d ./Drivers/STM32F1xx_HAL_Driver/Src/stm32f1xx_hal_cortex.o
 .ARM.attributes
                0x000000a4       0x2d ./Drivers/STM32F1xx_HAL_Driver/Src/stm32f1xx_hal_gpio.o
 .ARM.attributes
                0x000000d1       0x2d ./Drivers/STM32F1xx_HAL_Driver/Src/stm32f1xx_hal_i2c.o
 .ARM.attributes
                0x000000fe       0x2d ./Drivers/STM32F1xx_HAL_Driver/Src/stm32f1xx_hal_rcc.o
 .ARM.attributes
                0x0000012b       0x2d ./Drivers/STM32F1xx_HAL_Driver/Src/stm32f1xx_hal_tim.o
 .ARM.attributes
                0x00000158       0x2d ./Drivers/STM32F1xx_HAL_Driver/Src/stm32f1xx_hal_tim_ex.o
 .ARM.attributes
                0x00000185       0x2d ./Drivers/STM32F1xx_HAL_Driver/Src/stm32f1xx_hal_uart.o
 .ARM.attributes
                0x000001b2       0x2d ./Src/MPU9250.o
 .ARM.attributes
                0x000001df       0x2d ./Src/MS5611.o
 .ARM.attributes
                0x0000020c       0x2d ./Src/MadgwickAHRS.o
 .ARM.attributes
                0x00000239       0x2d ./Src/afl_call.o
 .ARM.attributes
                0x00000266       0x2d ./Src/circular_buffer.o
 .ARM.attributes
                0x00000293       0x2d ./Src/common.o
 .ARM.attributes
                0x000002c0       0x2d ./Src/devices.o
 .ARM.attributes
                0x000002ed       0x2d ./Src/i2c.o
 .ARM.attributes
                0x0000031a       0x2d ./Src/joystick.o
 .ARM.attributes
                0x00000347       0x2d ./Src/main.o
 .ARM.attributes
                0x00000374       0x2d ./Src/motor.o
 .ARM.attributes
                0x000003a1       0x2d ./Src/msp.o
 .ARM.attributes
                0x000003ce       0x2d ./Src/peripherals.o
 .ARM.attributes
                0x000003fb       0x2d ./Src/pid.o
 .ARM.attributes
                0x00000428       0x2d ./Src/serial.o
 .ARM.attributes
                0x00000455       0x2d ./Src/stm32f1xx_hal_msp.o
 .ARM.attributes
                0x00000482       0x2d ./Src/stm32f1xx_it.o
 .ARM.attributes
                0x000004af       0x2d ./Src/system_stm32f1xx.o
 .ARM.attributes
                0x000004dc       0x2d ./Src/timing.o
 .ARM.attributes
                0x00000509       0x21 ./startup/startup_stm32f103xb.o
 .ARM.attributes
                0x0000052a       0x2d /opt/st/stm32cubeide_1.15.0/plugins/com.st.stm32cube.ide.mcu.externaltools.gnu-tools-for-stm32.12.3.rel1.linux64_1.0.100.202403111256/tools/bin/../lib/gcc/arm-none-eabi/12.3.1/../../../../arm-none-eabi/lib/thumb/v7-m/nofp/libc_nano.a(libc_a-findfp.o)
 .ARM.attributes
                0x00000557       0x2d /opt/st/stm32cubeide_1.15.0/plugins/com.st.stm32cube.ide.mcu.externaltools.gnu-tools-for-stm32.12.3.rel1.linux64_1.0.100.202403111256/tools/bin/../lib/gcc/arm-none-eabi/12.3.1/../../../../arm-none-eabi/lib/thumb/v7-m/nofp/libc_nano.a(libc_a-sprintf.o)
 .ARM.attributes
                0x00000584       0x2d /opt/st/stm32cubeide_1.15.0/plugins/com.st.stm32cube.ide.mcu.externaltools.gnu-tools-for-stm32.12.3.rel1.linux64_1.0.100.202403111256/tools/bin/../lib/gcc/arm-none-eabi/12.3.1/../../../../arm-none-eabi/lib/thumb/v7-m/nofp/libc_nano.a(libc_a-reent.o)
 .ARM.attributes
                0x000005b1       0x2d /opt/st/stm32cubeide_1.15.0/plugins/com.st.stm32cube.ide.mcu.externaltools.gnu-tools-for-stm32.12.3.rel1.linux64_1.0.100.202403111256/tools/bin/../lib/gcc/arm-none-eabi/12.3.1/../../../../arm-none-eabi/lib/thumb/v7-m/nofp/libc_nano.a(libc_a-impure.o)
 .ARM.attributes
                0x000005de       0x2d /opt/st/stm32cubeide_1.15.0/plugins/com.st.stm32cube.ide.mcu.externaltools.gnu-tools-for-stm32.12.3.rel1.linux64_1.0.100.202403111256/tools/bin/../lib/gcc/arm-none-eabi/12.3.1/../../../../arm-none-eabi/lib/thumb/v7-m/nofp/libc_nano.a(libc_a-init.o)
 .ARM.attributes
                0x0000060b       0x2d /opt/st/stm32cubeide_1.15.0/plugins/com.st.stm32cube.ide.mcu.externaltools.gnu-tools-for-stm32.12.3.rel1.linux64_1.0.100.202403111256/tools/bin/../lib/gcc/arm-none-eabi/12.3.1/../../../../arm-none-eabi/lib/thumb/v7-m/nofp/libc_nano.a(libc_a-lock.o)
 .ARM.attributes
                0x00000638       0x17 /opt/st/stm32cubeide_1.15.0/plugins/com.st.stm32cube.ide.mcu.externaltools.gnu-tools-for-stm32.12.3.rel1.linux64_1.0.100.202403111256/tools/bin/../lib/gcc/arm-none-eabi/12.3.1/../../../../arm-none-eabi/lib/thumb/v7-m/nofp/libc_nano.a(libc_a-strlen.o)
 .ARM.attributes
                0x0000064f       0x2d /opt/st/stm32cubeide_1.15.0/plugins/com.st.stm32cube.ide.mcu.externaltools.gnu-tools-for-stm32.12.3.rel1.linux64_1.0.100.202403111256/tools/bin/../lib/gcc/arm-none-eabi/12.3.1/../../../../arm-none-eabi/lib/thumb/v7-m/nofp/libc_nano.a(libc_a-freer.o)
 .ARM.attributes
                0x0000067c       0x2d /opt/st/stm32cubeide_1.15.0/plugins/com.st.stm32cube.ide.mcu.externaltools.gnu-tools-for-stm32.12.3.rel1.linux64_1.0.100.202403111256/tools/bin/../lib/gcc/arm-none-eabi/12.3.1/../../../../arm-none-eabi/lib/thumb/v7-m/nofp/libc_nano.a(libc_a-mallocr.o)
 .ARM.attributes
                0x000006a9       0x2d /opt/st/stm32cubeide_1.15.0/plugins/com.st.stm32cube.ide.mcu.externaltools.gnu-tools-for-stm32.12.3.rel1.linux64_1.0.100.202403111256/tools/bin/../lib/gcc/arm-none-eabi/12.3.1/../../../../arm-none-eabi/lib/thumb/v7-m/nofp/libc_nano.a(libc_a-mlock.o)
 .ARM.attributes
                0x000006d6       0x2d /opt/st/stm32cubeide_1.15.0/plugins/com.st.stm32cube.ide.mcu.externaltools.gnu-tools-for-stm32.12.3.rel1.linux64_1.0.100.202403111256/tools/bin/../lib/gcc/arm-none-eabi/12.3.1/../../../../arm-none-eabi/lib/thumb/v7-m/nofp/libc_nano.a(libc_a-nano-svfprintf.o)
 .ARM.attributes
                0x00000703       0x2d /opt/st/stm32cubeide_1.15.0/plugins/com.st.stm32cube.ide.mcu.externaltools.gnu-tools-for-stm32.12.3.rel1.linux64_1.0.100.202403111256/tools/bin/../lib/gcc/arm-none-eabi/12.3.1/../../../../arm-none-eabi/lib/thumb/v7-m/nofp/libc_nano.a(libc_a-nano-vfprintf_i.o)
 .ARM.attributes
                0x00000730       0x2d /opt/st/stm32cubeide_1.15.0/plugins/com.st.stm32cube.ide.mcu.externaltools.gnu-tools-for-stm32.12.3.rel1.linux64_1.0.100.202403111256/tools/bin/../lib/gcc/arm-none-eabi/12.3.1/../../../../arm-none-eabi/lib/thumb/v7-m/nofp/libc_nano.a(libc_a-memmove.o)
 .ARM.attributes
                0x0000075d       0x2d /opt/st/stm32cubeide_1.15.0/plugins/com.st.stm32cube.ide.mcu.externaltools.gnu-tools-for-stm32.12.3.rel1.linux64_1.0.100.202403111256/tools/bin/../lib/gcc/arm-none-eabi/12.3.1/../../../../arm-none-eabi/lib/thumb/v7-m/nofp/libc_nano.a(libc_a-sbrkr.o)
 .ARM.attributes
                0x0000078a       0x2d /opt/st/stm32cubeide_1.15.0/plugins/com.st.stm32cube.ide.mcu.externaltools.gnu-tools-for-stm32.12.3.rel1.linux64_1.0.100.202403111256/tools/bin/../lib/gcc/arm-none-eabi/12.3.1/../../../../arm-none-eabi/lib/thumb/v7-m/nofp/libc_nano.a(libc_a-memchr-stub.o)
 .ARM.attributes
                0x000007b7       0x2d /opt/st/stm32cubeide_1.15.0/plugins/com.st.stm32cube.ide.mcu.externaltools.gnu-tools-for-stm32.12.3.rel1.linux64_1.0.100.202403111256/tools/bin/../lib/gcc/arm-none-eabi/12.3.1/../../../../arm-none-eabi/lib/thumb/v7-m/nofp/libc_nano.a(libc_a-memcpy-stub.o)
 .ARM.attributes
                0x000007e4       0x2d /opt/st/stm32cubeide_1.15.0/plugins/com.st.stm32cube.ide.mcu.externaltools.gnu-tools-for-stm32.12.3.rel1.linux64_1.0.100.202403111256/tools/bin/../lib/gcc/arm-none-eabi/12.3.1/../../../../arm-none-eabi/lib/thumb/v7-m/nofp/libc_nano.a(libc_a-reallocr.o)
 .ARM.attributes
                0x00000811       0x2d /opt/st/stm32cubeide_1.15.0/plugins/com.st.stm32cube.ide.mcu.externaltools.gnu-tools-for-stm32.12.3.rel1.linux64_1.0.100.202403111256/tools/bin/../lib/gcc/arm-none-eabi/12.3.1/../../../../arm-none-eabi/lib/thumb/v7-m/nofp/libc_nano.a(libc_a-msizer.o)
 .ARM.attributes
                0x0000083e       0x2d /opt/st/stm32cubeide_1.15.0/plugins/com.st.stm32cube.ide.mcu.externaltools.gnu-tools-for-stm32.12.3.rel1.linux64_1.0.100.202403111256/tools/bin/../lib/gcc/arm-none-eabi/12.3.1/../../../../arm-none-eabi/lib/thumb/v7-m/nofp/libm.a(libm_a-w_asin.o)
 .ARM.attributes
                0x0000086b       0x2d /opt/st/stm32cubeide_1.15.0/plugins/com.st.stm32cube.ide.mcu.externaltools.gnu-tools-for-stm32.12.3.rel1.linux64_1.0.100.202403111256/tools/bin/../lib/gcc/arm-none-eabi/12.3.1/../../../../arm-none-eabi/lib/thumb/v7-m/nofp/libm.a(libm_a-w_atan2.o)
 .ARM.attributes
                0x00000898       0x2d /opt/st/stm32cubeide_1.15.0/plugins/com.st.stm32cube.ide.mcu.externaltools.gnu-tools-for-stm32.12.3.rel1.linux64_1.0.100.202403111256/tools/bin/../lib/gcc/arm-none-eabi/12.3.1/../../../../arm-none-eabi/lib/thumb/v7-m/nofp/libm.a(libm_a-w_pow.o)
 .ARM.attributes
                0x000008c5       0x2d /opt/st/stm32cubeide_1.15.0/plugins/com.st.stm32cube.ide.mcu.externaltools.gnu-tools-for-stm32.12.3.rel1.linux64_1.0.100.202403111256/tools/bin/../lib/gcc/arm-none-eabi/12.3.1/../../../../arm-none-eabi/lib/thumb/v7-m/nofp/libm.a(libm_a-w_sqrt.o)
 .ARM.attributes
                0x000008f2       0x2d /opt/st/stm32cubeide_1.15.0/plugins/com.st.stm32cube.ide.mcu.externaltools.gnu-tools-for-stm32.12.3.rel1.linux64_1.0.100.202403111256/tools/bin/../lib/gcc/arm-none-eabi/12.3.1/../../../../arm-none-eabi/lib/thumb/v7-m/nofp/libm.a(libm_a-s_fabs.o)
 .ARM.attributes
                0x0000091f       0x2d /opt/st/stm32cubeide_1.15.0/plugins/com.st.stm32cube.ide.mcu.externaltools.gnu-tools-for-stm32.12.3.rel1.linux64_1.0.100.202403111256/tools/bin/../lib/gcc/arm-none-eabi/12.3.1/../../../../arm-none-eabi/lib/thumb/v7-m/nofp/libm.a(libm_a-s_finite.o)
 .ARM.attributes
                0x0000094c       0x2d /opt/st/stm32cubeide_1.15.0/plugins/com.st.stm32cube.ide.mcu.externaltools.gnu-tools-for-stm32.12.3.rel1.linux64_1.0.100.202403111256/tools/bin/../lib/gcc/arm-none-eabi/12.3.1/../../../../arm-none-eabi/lib/thumb/v7-m/nofp/libm.a(libm_a-s_nan.o)
 .ARM.attributes
                0x00000979       0x2d /opt/st/stm32cubeide_1.15.0/plugins/com.st.stm32cube.ide.mcu.externaltools.gnu-tools-for-stm32.12.3.rel1.linux64_1.0.100.202403111256/tools/bin/../lib/gcc/arm-none-eabi/12.3.1/../../../../arm-none-eabi/lib/thumb/v7-m/nofp/libm.a(libm_a-e_sqrt.o)
 .ARM.attributes
                0x000009a6       0x2d /opt/st/stm32cubeide_1.15.0/plugins/com.st.stm32cube.ide.mcu.externaltools.gnu-tools-for-stm32.12.3.rel1.linux64_1.0.100.202403111256/tools/bin/../lib/gcc/arm-none-eabi/12.3.1/../../../../arm-none-eabi/lib/thumb/v7-m/nofp/libm.a(libm_a-e_asin.o)
 .ARM.attributes
                0x000009d3       0x2d /opt/st/stm32cubeide_1.15.0/plugins/com.st.stm32cube.ide.mcu.externaltools.gnu-tools-for-stm32.12.3.rel1.linux64_1.0.100.202403111256/tools/bin/../lib/gcc/arm-none-eabi/12.3.1/../../../../arm-none-eabi/lib/thumb/v7-m/nofp/libm.a(libm_a-e_atan2.o)
 .ARM.attributes
                0x00000a00       0x2d /opt/st/stm32cubeide_1.15.0/plugins/com.st.stm32cube.ide.mcu.externaltools.gnu-tools-for-stm32.12.3.rel1.linux64_1.0.100.202403111256/tools/bin/../lib/gcc/arm-none-eabi/12.3.1/../../../../arm-none-eabi/lib/thumb/v7-m/nofp/libm.a(libm_a-e_pow.o)
 .ARM.attributes
                0x00000a2d       0x2d /opt/st/stm32cubeide_1.15.0/plugins/com.st.stm32cube.ide.mcu.externaltools.gnu-tools-for-stm32.12.3.rel1.linux64_1.0.100.202403111256/tools/bin/../lib/gcc/arm-none-eabi/12.3.1/../../../../arm-none-eabi/lib/thumb/v7-m/nofp/libm.a(libm_a-s_atan.o)
 .ARM.attributes
                0x00000a5a       0x2d /opt/st/stm32cubeide_1.15.0/plugins/com.st.stm32cube.ide.mcu.externaltools.gnu-tools-for-stm32.12.3.rel1.linux64_1.0.100.202403111256/tools/bin/../lib/gcc/arm-none-eabi/12.3.1/../../../../arm-none-eabi/lib/thumb/v7-m/nofp/libm.a(libm_a-s_scalbn.o)
 .ARM.attributes
                0x00000a87       0x2d /opt/st/stm32cubeide_1.15.0/plugins/com.st.stm32cube.ide.mcu.externaltools.gnu-tools-for-stm32.12.3.rel1.linux64_1.0.100.202403111256/tools/bin/../lib/gcc/arm-none-eabi/12.3.1/../../../../arm-none-eabi/lib/thumb/v7-m/nofp/libm.a(libm_a-math_err.o)
 .ARM.attributes
                0x00000ab4       0x2d /opt/st/stm32cubeide_1.15.0/plugins/com.st.stm32cube.ide.mcu.externaltools.gnu-tools-for-stm32.12.3.rel1.linux64_1.0.100.202403111256/tools/bin/../lib/gcc/arm-none-eabi/12.3.1/../../../../arm-none-eabi/lib/thumb/v7-m/nofp/libc_nano.a(libc_a-errno.o)
 .ARM.attributes
                0x00000ae1       0x1d /opt/st/stm32cubeide_1.15.0/plugins/com.st.stm32cube.ide.mcu.externaltools.gnu-tools-for-stm32.12.3.rel1.linux64_1.0.100.202403111256/tools/bin/../lib/gcc/arm-none-eabi/12.3.1/thumb/v7-m/nofp/libgcc.a(_arm_addsubdf3.o)
 .ARM.attributes
                0x00000afe       0x1d /opt/st/stm32cubeide_1.15.0/plugins/com.st.stm32cube.ide.mcu.externaltools.gnu-tools-for-stm32.12.3.rel1.linux64_1.0.100.202403111256/tools/bin/../lib/gcc/arm-none-eabi/12.3.1/thumb/v7-m/nofp/libgcc.a(_arm_muldivdf3.o)
 .ARM.attributes
                0x00000b1b       0x1d /opt/st/stm32cubeide_1.15.0/plugins/com.st.stm32cube.ide.mcu.externaltools.gnu-tools-for-stm32.12.3.rel1.linux64_1.0.100.202403111256/tools/bin/../lib/gcc/arm-none-eabi/12.3.1/thumb/v7-m/nofp/libgcc.a(_arm_cmpdf2.o)
 .ARM.attributes
                0x00000b38       0x1d /opt/st/stm32cubeide_1.15.0/plugins/com.st.stm32cube.ide.mcu.externaltools.gnu-tools-for-stm32.12.3.rel1.linux64_1.0.100.202403111256/tools/bin/../lib/gcc/arm-none-eabi/12.3.1/thumb/v7-m/nofp/libgcc.a(_arm_unorddf2.o)
 .ARM.attributes
                0x00000b55       0x1d /opt/st/stm32cubeide_1.15.0/plugins/com.st.stm32cube.ide.mcu.externaltools.gnu-tools-for-stm32.12.3.rel1.linux64_1.0.100.202403111256/tools/bin/../lib/gcc/arm-none-eabi/12.3.1/thumb/v7-m/nofp/libgcc.a(_arm_truncdfsf2.o)
 .ARM.attributes
                0x00000b72       0x1d /opt/st/stm32cubeide_1.15.0/plugins/com.st.stm32cube.ide.mcu.externaltools.gnu-tools-for-stm32.12.3.rel1.linux64_1.0.100.202403111256/tools/bin/../lib/gcc/arm-none-eabi/12.3.1/thumb/v7-m/nofp/libgcc.a(_arm_addsubsf3.o)
 .ARM.attributes
                0x00000b8f       0x1d /opt/st/stm32cubeide_1.15.0/plugins/com.st.stm32cube.ide.mcu.externaltools.gnu-tools-for-stm32.12.3.rel1.linux64_1.0.100.202403111256/tools/bin/../lib/gcc/arm-none-eabi/12.3.1/thumb/v7-m/nofp/libgcc.a(_arm_muldivsf3.o)
 .ARM.attributes
                0x00000bac       0x1d /opt/st/stm32cubeide_1.15.0/plugins/com.st.stm32cube.ide.mcu.externaltools.gnu-tools-for-stm32.12.3.rel1.linux64_1.0.100.202403111256/tools/bin/../lib/gcc/arm-none-eabi/12.3.1/thumb/v7-m/nofp/libgcc.a(_arm_cmpsf2.o)
 .ARM.attributes
                0x00000bc9       0x1d /opt/st/stm32cubeide_1.15.0/plugins/com.st.stm32cube.ide.mcu.externaltools.gnu-tools-for-stm32.12.3.rel1.linux64_1.0.100.202403111256/tools/bin/../lib/gcc/arm-none-eabi/12.3.1/thumb/v7-m/nofp/libgcc.a(_arm_fixsfsi.o)
 .ARM.attributes
                0x00000be6       0x1d /opt/st/stm32cubeide_1.15.0/plugins/com.st.stm32cube.ide.mcu.externaltools.gnu-tools-for-stm32.12.3.rel1.linux64_1.0.100.202403111256/tools/bin/../lib/gcc/arm-none-eabi/12.3.1/thumb/v7-m/nofp/libgcc.a(_arm_fixunssfsi.o)
 .ARM.attributes
                0x00000c03       0x2d /opt/st/stm32cubeide_1.15.0/plugins/com.st.stm32cube.ide.mcu.externaltools.gnu-tools-for-stm32.12.3.rel1.linux64_1.0.100.202403111256/tools/bin/../lib/gcc/arm-none-eabi/12.3.1/../../../../arm-none-eabi/lib/thumb/v7-m/nofp/libnosys.a(sbrk.o)
 .ARM.attributes
                0x00000c30       0x1d /opt/st/stm32cubeide_1.15.0/plugins/com.st.stm32cube.ide.mcu.externaltools.gnu-tools-for-stm32.12.3.rel1.linux64_1.0.100.202403111256/tools/bin/../lib/gcc/arm-none-eabi/12.3.1/thumb/v7-m/nofp/crtn.o
OUTPUT(Drone.elf elf32-littlearm)
LOAD linker stubs
LOAD /opt/st/stm32cubeide_1.15.0/plugins/com.st.stm32cube.ide.mcu.externaltools.gnu-tools-for-stm32.12.3.rel1.linux64_1.0.100.202403111256/tools/bin/../lib/gcc/arm-none-eabi/12.3.1/../../../../arm-none-eabi/lib/thumb/v7-m/nofp/libc.a
LOAD /opt/st/stm32cubeide_1.15.0/plugins/com.st.stm32cube.ide.mcu.externaltools.gnu-tools-for-stm32.12.3.rel1.linux64_1.0.100.202403111256/tools/bin/../lib/gcc/arm-none-eabi/12.3.1/../../../../arm-none-eabi/lib/thumb/v7-m/nofp/libm.a
LOAD /opt/st/stm32cubeide_1.15.0/plugins/com.st.stm32cube.ide.mcu.externaltools.gnu-tools-for-stm32.12.3.rel1.linux64_1.0.100.202403111256/tools/bin/../lib/gcc/arm-none-eabi/12.3.1/thumb/v7-m/nofp/libgcc.a

.debug_info     0x00000000    0x17033
 .debug_info    0x00000000      0x6ad ./Drivers/STM32F1xx_HAL_Driver/Src/stm32f1xx_hal.o
 .debug_info    0x000006ad      0xcb6 ./Drivers/STM32F1xx_HAL_Driver/Src/stm32f1xx_hal_cortex.o
 .debug_info    0x00001363      0x618 ./Drivers/STM32F1xx_HAL_Driver/Src/stm32f1xx_hal_gpio.o
 .debug_info    0x0000197b     0x39b9 ./Drivers/STM32F1xx_HAL_Driver/Src/stm32f1xx_hal_i2c.o
 .debug_info    0x00005334     0x142d ./Drivers/STM32F1xx_HAL_Driver/Src/stm32f1xx_hal_rcc.o
 .debug_info    0x00006761     0x34c2 ./Drivers/STM32F1xx_HAL_Driver/Src/stm32f1xx_hal_tim.o
 .debug_info    0x00009c23     0x133c ./Drivers/STM32F1xx_HAL_Driver/Src/stm32f1xx_hal_tim_ex.o
 .debug_info    0x0000af5f     0x1386 ./Drivers/STM32F1xx_HAL_Driver/Src/stm32f1xx_hal_uart.o
 .debug_info    0x0000c2e5      0xcf5 ./Src/MPU9250.o
 .debug_info    0x0000cfda      0x91c ./Src/MS5611.o
 .debug_info    0x0000d8f6     0x1079 ./Src/MadgwickAHRS.o
 .debug_info    0x0000e96f      0x13d ./Src/afl_call.o
 .debug_info    0x0000eaac      0x21a ./Src/circular_buffer.o
 .debug_info    0x0000ecc6      0x1f6 ./Src/common.o
 .debug_info    0x0000eebc      0x92c ./Src/devices.o
 .debug_info    0x0000f7e8      0x8c5 ./Src/i2c.o
 .debug_info    0x000100ad      0x674 ./Src/joystick.o
 .debug_info    0x00010721      0x2e5 ./Src/main.o
 .debug_info    0x00010a06      0x4e1 ./Src/motor.o
 .debug_info    0x00010ee7     0x178d ./Src/msp.o
 .debug_info    0x00012674     0x1a36 ./Src/peripherals.o
 .debug_info    0x000140aa      0xa6a ./Src/pid.o
 .debug_info    0x00014b14      0x999 ./Src/serial.o
 .debug_info    0x000154ad     0x108f ./Src/stm32f1xx_hal_msp.o
 .debug_info    0x0001653c      0x576 ./Src/stm32f1xx_it.o
 .debug_info    0x00016ab2      0x403 ./Src/system_stm32f1xx.o
 .debug_info    0x00016eb5      0x14e ./Src/timing.o
 .debug_info    0x00017003       0x30 ./startup/startup_stm32f103xb.o

.debug_abbrev   0x00000000     0x38f5
 .debug_abbrev  0x00000000      0x25e ./Drivers/STM32F1xx_HAL_Driver/Src/stm32f1xx_hal.o
 .debug_abbrev  0x0000025e      0x310 ./Drivers/STM32F1xx_HAL_Driver/Src/stm32f1xx_hal_cortex.o
 .debug_abbrev  0x0000056e      0x1fe ./Drivers/STM32F1xx_HAL_Driver/Src/stm32f1xx_hal_gpio.o
 .debug_abbrev  0x0000076c      0x326 ./Drivers/STM32F1xx_HAL_Driver/Src/stm32f1xx_hal_i2c.o
 .debug_abbrev  0x00000a92      0x33f ./Drivers/STM32F1xx_HAL_Driver/Src/stm32f1xx_hal_rcc.o
 .debug_abbrev  0x00000dd1      0x313 ./Drivers/STM32F1xx_HAL_Driver/Src/stm32f1xx_hal_tim.o
 .debug_abbrev  0x000010e4      0x265 ./Drivers/STM32F1xx_HAL_Driver/Src/stm32f1xx_hal_tim_ex.o
 .debug_abbrev  0x00001349      0x309 ./Drivers/STM32F1xx_HAL_Driver/Src/stm32f1xx_hal_uart.o
 .debug_abbrev  0x00001652      0x21b ./Src/MPU9250.o
 .debug_abbrev  0x0000186d      0x329 ./Src/MS5611.o
 .debug_abbrev  0x00001b96      0x12e ./Src/MadgwickAHRS.o
 .debug_abbrev  0x00001cc4       0xd3 ./Src/afl_call.o
 .debug_abbrev  0x00001d97      0x160 ./Src/circular_buffer.o
 .debug_abbrev  0x00001ef7       0xdd ./Src/common.o
 .debug_abbrev  0x00001fd4      0x22b ./Src/devices.o
 .debug_abbrev  0x000021ff      0x1fd ./Src/i2c.o
 .debug_abbrev  0x000023fc       0xc8 ./Src/joystick.o
 .debug_abbrev  0x000024c4      0x14e ./Src/main.o
 .debug_abbrev  0x00002612      0x18a ./Src/motor.o
 .debug_abbrev  0x0000279c      0x350 ./Src/msp.o
 .debug_abbrev  0x00002aec      0x309 ./Src/peripherals.o
 .debug_abbrev  0x00002df5      0x272 ./Src/pid.o
 .debug_abbrev  0x00003067      0x2b9 ./Src/serial.o
 .debug_abbrev  0x00003320      0x1ee ./Src/stm32f1xx_hal_msp.o
 .debug_abbrev  0x0000350e      0x178 ./Src/stm32f1xx_it.o
 .debug_abbrev  0x00003686      0x145 ./Src/system_stm32f1xx.o
 .debug_abbrev  0x000037cb      0x106 ./Src/timing.o
 .debug_abbrev  0x000038d1       0x24 ./startup/startup_stm32f103xb.o

.debug_loclists
                0x00000000     0x9c78
 .debug_loclists
                0x00000000       0x44 ./Drivers/STM32F1xx_HAL_Driver/Src/stm32f1xx_hal.o
 .debug_loclists
                0x00000044      0x3f7 ./Drivers/STM32F1xx_HAL_Driver/Src/stm32f1xx_hal_cortex.o
 .debug_loclists
                0x0000043b      0x300 ./Drivers/STM32F1xx_HAL_Driver/Src/stm32f1xx_hal_gpio.o
 .debug_loclists
                0x0000073b     0x3208 ./Drivers/STM32F1xx_HAL_Driver/Src/stm32f1xx_hal_i2c.o
 .debug_loclists
                0x00003943      0x816 ./Drivers/STM32F1xx_HAL_Driver/Src/stm32f1xx_hal_rcc.o
 .debug_loclists
                0x00004159     0x273c ./Drivers/STM32F1xx_HAL_Driver/Src/stm32f1xx_hal_tim.o
 .debug_loclists
                0x00006895      0x80f ./Drivers/STM32F1xx_HAL_Driver/Src/stm32f1xx_hal_tim_ex.o
 .debug_loclists
                0x000070a4      0xccd ./Drivers/STM32F1xx_HAL_Driver/Src/stm32f1xx_hal_uart.o
 .debug_loclists
                0x00007d71       0x8d ./Src/MPU9250.o
 .debug_loclists
                0x00007dfe      0x1e5 ./Src/MS5611.o
 .debug_loclists
                0x00007fe3      0xac4 ./Src/MadgwickAHRS.o
 .debug_loclists
                0x00008aa7       0x52 ./Src/afl_call.o
 .debug_loclists
                0x00008af9       0x77 ./Src/circular_buffer.o
 .debug_loclists
                0x00008b70       0xca ./Src/common.o
 .debug_loclists
                0x00008c3a       0x8e ./Src/devices.o
 .debug_loclists
                0x00008cc8      0x28a ./Src/i2c.o
 .debug_loclists
                0x00008f52      0x232 ./Src/motor.o
 .debug_loclists
                0x00009184      0x511 ./Src/msp.o
 .debug_loclists
                0x00009695       0x36 ./Src/peripherals.o
 .debug_loclists
                0x000096cb      0x26c ./Src/pid.o
 .debug_loclists
                0x00009937      0x18c ./Src/serial.o
 .debug_loclists
                0x00009ac3       0xe6 ./Src/stm32f1xx_hal_msp.o
 .debug_loclists
                0x00009ba9       0xac ./Src/system_stm32f1xx.o
 .debug_loclists
                0x00009c55       0x23 ./Src/timing.o

.debug_aranges  0x00000000      0xf28
 .debug_aranges
                0x00000000       0xb0 ./Drivers/STM32F1xx_HAL_Driver/Src/stm32f1xx_hal.o
 .debug_aranges
                0x000000b0       0x90 ./Drivers/STM32F1xx_HAL_Driver/Src/stm32f1xx_hal_cortex.o
 .debug_aranges
                0x00000140       0x58 ./Drivers/STM32F1xx_HAL_Driver/Src/stm32f1xx_hal_gpio.o
 .debug_aranges
                0x00000198      0x1a8 ./Drivers/STM32F1xx_HAL_Driver/Src/stm32f1xx_hal_i2c.o
 .debug_aranges
                0x00000340       0x88 ./Drivers/STM32F1xx_HAL_Driver/Src/stm32f1xx_hal_rcc.o
 .debug_aranges
                0x000003c8      0x330 ./Drivers/STM32F1xx_HAL_Driver/Src/stm32f1xx_hal_tim.o
 .debug_aranges
                0x000006f8      0x138 ./Drivers/STM32F1xx_HAL_Driver/Src/stm32f1xx_hal_tim_ex.o
 .debug_aranges
                0x00000830      0x140 ./Drivers/STM32F1xx_HAL_Driver/Src/stm32f1xx_hal_uart.o
 .debug_aranges
                0x00000970       0x70 ./Src/MPU9250.o
 .debug_aranges
                0x000009e0       0x50 ./Src/MS5611.o
 .debug_aranges
                0x00000a30       0x30 ./Src/MadgwickAHRS.o
 .debug_aranges
                0x00000a60       0x28 ./Src/afl_call.o
 .debug_aranges
                0x00000a88       0x38 ./Src/circular_buffer.o
 .debug_aranges
                0x00000ac0       0x30 ./Src/common.o
 .debug_aranges
                0x00000af0       0x68 ./Src/devices.o
 .debug_aranges
                0x00000b58       0x38 ./Src/i2c.o
 .debug_aranges
                0x00000b90       0x28 ./Src/joystick.o
 .debug_aranges
                0x00000bb8       0x30 ./Src/main.o
 .debug_aranges
                0x00000be8       0x38 ./Src/motor.o
 .debug_aranges
                0x00000c20       0xf8 ./Src/msp.o
 .debug_aranges
                0x00000d18       0x30 ./Src/peripherals.o
 .debug_aranges
                0x00000d48       0x40 ./Src/pid.o
 .debug_aranges
                0x00000d88       0x60 ./Src/serial.o
 .debug_aranges
                0x00000de8       0x58 ./Src/stm32f1xx_hal_msp.o
 .debug_aranges
                0x00000e40       0x68 ./Src/stm32f1xx_it.o
 .debug_aranges
                0x00000ea8       0x28 ./Src/system_stm32f1xx.o
 .debug_aranges
                0x00000ed0       0x30 ./Src/timing.o
 .debug_aranges
                0x00000f00       0x28 ./startup/startup_stm32f103xb.o
