../Drivers/STM32F1xx_HAL_Driver/Src/stm32f1xx_hal.c:215:13:HAL_MspInit	0	static
../Drivers/STM32F1xx_HAL_Driver/Src/stm32f1xx_hal.c:226:13:HAL_MspDeInit	0	static
../Drivers/STM32F1xx_HAL_Driver/Src/stm32f1xx_hal.c:190:19:HAL_DeInit	8	static
../Drivers/STM32F1xx_HAL_Driver/Src/stm32f1xx_hal.c:249:26:HAL_InitTick	8	static
../Drivers/STM32F1xx_HAL_Driver/Src/stm32f1xx_hal.c:157:19:HAL_Init	8	static
../Drivers/STM32F1xx_HAL_Driver/Src/stm32f1xx_hal.c:297:13:HAL_IncTick	0	static
../Drivers/STM32F1xx_HAL_Driver/Src/stm32f1xx_hal.c:308:17:HAL_GetTick	0	static
../Drivers/STM32F1xx_HAL_Driver/Src/stm32f1xx_hal.c:324:13:HAL_Delay	8	static
../Drivers/STM32F1xx_HAL_Driver/Src/stm32f1xx_hal.c:344:13:HAL_SuspendTick	0	static
../Drivers/STM32F1xx_HAL_Driver/Src/stm32f1xx_hal.c:360:13:HAL_ResumeTick	0	static
../Drivers/STM32F1xx_HAL_Driver/Src/stm32f1xx_hal.c:370:10:HAL_GetHalVersion	0	static
../Drivers/STM32F1xx_HAL_Driver/Src/stm32f1xx_hal.c:386:10:HAL_GetREVID	0	static,ignoring_inline_asm
../Drivers/STM32F1xx_HAL_Driver/Src/stm32f1xx_hal.c:402:10:HAL_GetDEVID	0	static
../Drivers/STM32F1xx_HAL_Driver/Src/stm32f1xx_hal.c:411:6:HAL_DBGMCU_EnableDBGSleepMode	0	static
../Drivers/STM32F1xx_HAL_Driver/Src/stm32f1xx_hal.c:427:6:HAL_DBGMCU_DisableDBGSleepMode	0	static
../Drivers/STM32F1xx_HAL_Driver/Src/stm32f1xx_hal.c:457:6:HAL_DBGMCU_EnableDBGStopMode	0	static
../Drivers/STM32F1xx_HAL_Driver/Src/stm32f1xx_hal.c:473:6:HAL_DBGMCU_DisableDBGStopMode	0	static
../Drivers/STM32F1xx_HAL_Driver/Src/stm32f1xx_hal.c:489:6:HAL_DBGMCU_EnableDBGStandbyMode	0	static
../Drivers/STM32F1xx_HAL_Driver/Src/stm32f1xx_hal.c:505:6:HAL_DBGMCU_DisableDBGStandbyMode	0	static
