../Drivers/STM32F1xx_HAL_Driver/Src/stm32f1xx_hal_uart.c:1928:13:UART_SetConfig	32	static
../Drivers/STM32F1xx_HAL_Driver/Src/stm32f1xx_hal_uart.c:539:14:HAL_UART_MspInit	0	static
../Drivers/STM32F1xx_HAL_Driver/Src/stm32f1xx_hal_uart.c:251:19:HAL_UART_Init	8	static
../Drivers/STM32F1xx_HAL_Driver/Src/stm32f1xx_hal_uart.c:313:19:HAL_HalfDuplex_Init	8	static
../Drivers/STM32F1xx_HAL_Driver/Src/stm32f1xx_hal_uart.c:373:19:HAL_LIN_Init	16	static
../Drivers/STM32F1xx_HAL_Driver/Src/stm32f1xx_hal_uart.c:439:19:HAL_MultiProcessor_Init	16	static
../Drivers/STM32F1xx_HAL_Driver/Src/stm32f1xx_hal_uart.c:554:14:HAL_UART_MspDeInit	0	static
../Drivers/STM32F1xx_HAL_Driver/Src/stm32f1xx_hal_uart.c:501:19:HAL_UART_DeInit	16	static
../Drivers/STM32F1xx_HAL_Driver/Src/stm32f1xx_hal_uart.c:633:19:HAL_UART_Transmit	24	static
../Drivers/STM32F1xx_HAL_Driver/Src/stm32f1xx_hal_uart.c:727:19:HAL_UART_Receive	24	static
../Drivers/STM32F1xx_HAL_Driver/Src/stm32f1xx_hal_uart.c:826:19:HAL_UART_Transmit_IT	0	static
../Drivers/STM32F1xx_HAL_Driver/Src/stm32f1xx_hal_uart.c:878:19:HAL_UART_Receive_IT	0	static
../Drivers/STM32F1xx_HAL_Driver/Src/stm32f1xx_hal_uart.c:936:19:HAL_UART_Transmit_DMA	8	static
../Drivers/STM32F1xx_HAL_Driver/Src/stm32f1xx_hal_uart.c:1008:19:HAL_UART_Receive_DMA	8	static
../Drivers/STM32F1xx_HAL_Driver/Src/stm32f1xx_hal_uart.c:1072:19:HAL_UART_DMAPause	0	static
../Drivers/STM32F1xx_HAL_Driver/Src/stm32f1xx_hal_uart.c:1112:19:HAL_UART_DMAResume	8	static
../Drivers/STM32F1xx_HAL_Driver/Src/stm32f1xx_hal_uart.c:1156:19:HAL_UART_DMAStop	8	static
../Drivers/STM32F1xx_HAL_Driver/Src/stm32f1xx_hal_uart.c:1324:14:HAL_UART_TxCpltCallback	0	static
../Drivers/STM32F1xx_HAL_Driver/Src/stm32f1xx_hal_uart.c:1611:13:UART_DMATransmitCplt	8	static
../Drivers/STM32F1xx_HAL_Driver/Src/stm32f1xx_hal_uart.c:1339:14:HAL_UART_TxHalfCpltCallback	0	static
../Drivers/STM32F1xx_HAL_Driver/Src/stm32f1xx_hal_uart.c:1639:13:UART_DMATxHalfCplt	8	static
../Drivers/STM32F1xx_HAL_Driver/Src/stm32f1xx_hal_uart.c:1354:13:HAL_UART_RxCpltCallback	0	static
../Drivers/STM32F1xx_HAL_Driver/Src/stm32f1xx_hal_uart.c:1652:13:UART_DMAReceiveCplt	8	static
../Drivers/STM32F1xx_HAL_Driver/Src/stm32f1xx_hal_uart.c:1857:26:UART_Receive_IT	8	static
../Drivers/STM32F1xx_HAL_Driver/Src/stm32f1xx_hal_uart.c:1369:13:HAL_UART_RxHalfCpltCallback	0	static
../Drivers/STM32F1xx_HAL_Driver/Src/stm32f1xx_hal_uart.c:1683:13:UART_DMARxHalfCplt	8	static
../Drivers/STM32F1xx_HAL_Driver/Src/stm32f1xx_hal_uart.c:1384:14:HAL_UART_ErrorCallback	0	static
../Drivers/STM32F1xx_HAL_Driver/Src/stm32f1xx_hal_uart.c:1696:13:UART_DMAError	8	static
../Drivers/STM32F1xx_HAL_Driver/Src/stm32f1xx_hal_uart.c:1189:6:HAL_UART_IRQHandler	8	static
../Drivers/STM32F1xx_HAL_Driver/Src/stm32f1xx_hal_uart.c:1422:19:HAL_LIN_SendBreak	0	static
../Drivers/STM32F1xx_HAL_Driver/Src/stm32f1xx_hal_uart.c:1449:19:HAL_MultiProcessor_EnterMuteMode	0	static
../Drivers/STM32F1xx_HAL_Driver/Src/stm32f1xx_hal_uart.c:1476:19:HAL_MultiProcessor_ExitMuteMode	0	static
../Drivers/STM32F1xx_HAL_Driver/Src/stm32f1xx_hal_uart.c:1503:19:HAL_HalfDuplex_EnableTransmitter	0	static
../Drivers/STM32F1xx_HAL_Driver/Src/stm32f1xx_hal_uart.c:1529:19:HAL_HalfDuplex_EnableReceiver	0	static
../Drivers/STM32F1xx_HAL_Driver/Src/stm32f1xx_hal_uart.c:1577:23:HAL_UART_GetState	0	static
../Drivers/STM32F1xx_HAL_Driver/Src/stm32f1xx_hal_uart.c:1588:10:HAL_UART_GetError	0	static
../Drivers/STM32F1xx_HAL_Driver/Src/stm32f1xx_hal_uart.c:1978:19:HAL_UART_AbortReceive	0	static
