../Src/MPU9250.c:56:6:MPU9250_Init	8	static
../Src/MPU9250.c:82:6:MPU9250_ReadAccelData	32	static
../Src/MPU9250.c:117:6:MPU9250_ReadGyroData	40	static
../Src/MPU9250.c:152:6:MPU9250_GetGyroData	0	static
../Src/MPU9250.c:166:6:AK8963_Init	24	static
../Src/MPU9250.c:210:6:AK8963_ReadData	48	static
../Src/MPU9250.c:259:6:IMU_Init	8	static
../Src/MPU9250.c:280:7:AHRS_GetPitch	8	static
../Src/MPU9250.c:292:7:AHRS_GetRoll	8	static
../Src/MPU9250.c:304:7:AHRS_GetYaw	8	static
../Src/MPU9250.c:321:6:AHRS_ComputeAngles	40	static
